******************************************************************************
                  TI ARM Linker PC v18.1.4                     
******************************************************************************
>> Linked Sun Mar 17 16:35:03 2019

OUTPUT FILE NAME:   <final_project.out>
ENTRY POINT SYMBOL: "_c_int00_noargs"  address: 000029b1


MEMORY CONFIGURATION

         name            origin    length      used     unused   attr    fill
----------------------  --------  ---------  --------  --------  ----  --------
  FLASH                 00000000   00040000  000031a9  0003ce57  R  X
  SRAM                  20000000   00008000  000004a0  00007b60  RW X


SEGMENT ALLOCATION MAP

run origin  load origin   length   init length attrs members
----------  ----------- ---------- ----------- ----- -------
00000000    00000000    000031b0   000031b0    r-x
  00000000    00000000    0000026c   0000026c    r-- .intvecs
  0000026c    0000026c    00002a94   00002a94    r-x .text
  00002d00    00002d00    00000439   00000439    r-- .const
  00003140    00003140    00000070   00000070    r-- .cinit
20000000    20000000    000004a0   00000000    rw-
  20000000    20000000    0000026c   00000000    rw- .vtable
  2000026c    2000026c    00000004   00000000    rw- .bss
  20000270    20000270    00000200   00000000    rw- .stack
  20000470    20000470    00000030   00000000    rw- .data


SECTION ALLOCATION MAP

 output                                  attributes/
section   page    origin      length       input sections
--------  ----  ----------  ----------   ----------------
.intvecs   0    00000000    0000026c     
                  00000000    0000026c     tm4c123gh6pm_startup_ccs.obj (.intvecs)

.text      0    0000026c    00002a94     
                  0000026c    00000a5e     rtsv7M4_T_le_v4SPD16_eabi.lib : _printfi.c.obj (.text:__TI_printfi)
                  00000cca    00000002                                   : div0.asm.obj (.text)
                  00000ccc    00000270                                   : _printfi.c.obj (.text:_pconv_a)
                  00000f3c    00000244     master.obj (.text)
                  00001180    000001d0     rtsv7M4_T_le_v4SPD16_eabi.lib : _printfi.c.obj (.text:_pconv_g)
                  00001350    000001b6                                   : fd_add_t2.asm.obj (.text)
                  00001506    00000002     --HOLE-- [fill = 0]
                  00001508    0000013c                                   : _printfi.c.obj (.text:_pconv_e)
                  00001644    00000136                                   : fd_div_t2.asm.obj (.text)
                  0000177a    00000132     driverlib.lib : gpio.obj (.text:GPIOPadConfigSet)
                  000018ac    00000124     rtsv7M4_T_le_v4SPD16_eabi.lib : _printfi.c.obj (.text:fcvt)
                  000019d0    00000114     tivahelper.obj (.text)
                  00001ae4    00000110     driverlib.lib : sysctl.obj (.text:SysCtlClockGet)
                  00001bf4    00000110     rtsv7M4_T_le_v4SPD16_eabi.lib : s_scalbn.c.obj (.text:scalbn)
                  00001d04    000000fc                                   : fd_mul_t2.asm.obj (.text)
                  00001e00    000000f4     driverlib.lib : sysctl.obj (.text:SysCtlClockSet)
                  00001ef4    000000d8     gyro.obj (.text)
                  00001fcc    000000b1     rtsv7M4_T_le_v4SPD16_eabi.lib : _printfi.c.obj (.text:_ltostr)
                  0000207d    00000001     --HOLE-- [fill = 0]
                  0000207e    0000009c                                   : memcpy_t2.asm.obj (.text)
                  0000211a    00000096                                   : ull_div_t2.asm.obj (.text)
                  000021b0    00000086                                   : fd_cmp_t2.asm.obj (.text:__aeabi_cdcmple)
                  00002236    00000086                                   : fd_cmp_t2.asm.obj (.text:__aeabi_cdrcmple)
                  000022bc    0000007a     driverlib.lib : adc.obj (.text:ADCSequenceStepConfigure)
                  00002336    0000007a     rtsv7M4_T_le_v4SPD16_eabi.lib : memset_t2.asm.obj (.text)
                  000023b0    0000006e                                   : _printfi.c.obj (.text:_mcpy)
                  0000241e    00000002     --HOLE-- [fill = 0]
                  00002420    00000068     driverlib.lib : interrupt.obj (.text:IntEnable)
                  00002488    00000068     rtsv7M4_T_le_v4SPD16_eabi.lib : copy_decompress_lzss.c.obj (.text:decompress:lzss:__TI_decompress_lzss)
                  000024f0    00000064                                   : s_frexp.c.obj (.text:frexp)
                  00002554    00000056     driverlib.lib : gpio.obj (.text:GPIOIntTypeSet)
                  000025aa    00000056     rtsv7M4_T_le_v4SPD16_eabi.lib : _printfi.c.obj (.text:_pconv_f)
                  00002600    00000054                                   : ltoa.c.obj (.text:ltoa)
                  00002654    00000052                                   : _printfi.c.obj (.text:_ecpy)
                  000026a6    00000050     driverlib.lib : adc.obj (.text:ADCSequenceConfigure)
                  000026f6    00000002     --HOLE-- [fill = 0]
                  000026f8    00000050                   : adc.obj (.text:_ADCIntNumberGet)
                  00002748    0000004c     rtsv7M4_T_le_v4SPD16_eabi.lib : atoi.c.obj (.text:atoi)
                  00002794    00000048     driverlib.lib : gpio.obj (.text:GPIOPinConfigure)
                  000027dc    00000048     rtsv7M4_T_le_v4SPD16_eabi.lib : fd_toi_t2.asm.obj (.text)
                  00002824    00000046     driverlib.lib : uart.obj (.text:UARTConfigSetExpClk)
                  0000286a    00000002     --HOLE-- [fill = 0]
                  0000286c    00000044                   : gpio.obj (.text:_GPIOIntNumberGet)
                  000028b0    00000044     rtsv7M4_T_le_v4SPD16_eabi.lib : autoinit.c.obj (.text:__TI_auto_init_nobinit_nopinit:__TI_auto_init_nobinit_nopinit)
                  000028f4    00000040                                   : sprintf.c.obj (.text:sprintf)
                  00002934    0000003e                                   : _printfi.c.obj (.text:_fcpy)
                  00002972    0000003c     driverlib.lib : ssi.obj (.text:SSIConfigSetExpClk)
                  000029ae    00000002     --HOLE-- [fill = 0]
                  000029b0    00000038     rtsv7M4_T_le_v4SPD16_eabi.lib : boot_cortex_m.c.obj (.text:_c_int00_noargs:_c_int00_noargs)
                  000029e8    00000034     driverlib.lib : interrupt.obj (.text:IntRegister)
                  00002a1c    00000034                   : sysctl.obj (.text:SysCtlPeripheralEnable)
                  00002a50    0000002e     rtsv7M4_T_le_v4SPD16_eabi.lib : i_tofd_t2.asm.obj (.text)
                  00002a7e    0000002a     driverlib.lib : gpio.obj (.text:GPIODirModeSet)
                  00002aa8    00000020                   : uart.obj (.text:UARTDisable)
                  00002ac8    0000001c                   : systick.obj (.text:SysTickIntRegister)
                  00002ae4    0000001c     rtsv7M4_T_le_v4SPD16_eabi.lib : memccpy.c.obj (.text:memccpy)
                  00002b00    00000018     driverlib.lib : adc.obj (.text:ADCIntRegister)
                  00002b18    00000018                   : gpio.obj (.text:GPIOIntRegister)
                  00002b30    00000018                   : gpio.obj (.text:GPIOPinTypeGPIOOutput)
                  00002b48    00000018     rtsv7M4_T_le_v4SPD16_eabi.lib : sprintf.c.obj (.text:_outs)
                  00002b60    00000016                                   : strchr.c.obj (.text:strchr)
                  00002b76    00000002     --HOLE-- [fill = 0]
                  00002b78    00000014     driverlib.lib : systick.obj (.text:SysTickEnable)
                  00002b8c    00000014                   : systick.obj (.text:SysTickIntEnable)
                  00002ba0    00000014                   : uart.obj (.text:UARTEnable)
                  00002bb4    00000014     rtsv7M4_T_le_v4SPD16_eabi.lib : s_copysign.c.obj (.text:copysign)
                  00002bc8    00000014                                   : strlen.c.obj (.text:strlen)
                  00002bdc    00000012     driverlib.lib : gpio.obj (.text:GPIOPinTypeGPIOInput)
                  00002bee    00000012                   : gpio.obj (.text:GPIOPinTypeSSI)
                  00002c00    00000012                   : gpio.obj (.text:GPIOPinTypeUART)
                  00002c12    00000012     rtsv7M4_T_le_v4SPD16_eabi.lib : copy_zero_init.c.obj (.text:decompress:ZI:__TI_zero_init_nomemset:__TI_zero_init_nomemset)
                  00002c24    00000012                                   : wcslen.c.obj (.text:wcslen)
                  00002c36    00000010     driverlib.lib : adc.obj (.text:ADCIntEnable)
                  00002c46    00000010                   : interrupt.obj (.text:IntMasterEnable)
                  00002c56    00000002     --HOLE-- [fill = 0]
                  00002c58    00000010                   : systick.obj (.text:SysTickPeriodSet)
                  00002c68    0000000e                   : adc.obj (.text:ADCSequenceEnable)
                  00002c76    0000000e     rtsv7M4_T_le_v4SPD16_eabi.lib : copy_decompress_none.c.obj (.text:decompress:none:__TI_decompress_none)
                  00002c84    0000000c     driverlib.lib : cpu.obj (.text:CPUcpsie)
                  00002c90    0000000c                   : gpio.obj (.text:GPIOIntEnable)
                  00002c9c    0000000c                   : ssi.obj (.text:SSIDataGet)
                  00002ca8    0000000c     tm4c123gh6pm_startup_ccs.obj (.text)
                  00002cb4    0000000a     driverlib.lib : ssi.obj (.text:SSIDataPut)
                  00002cbe    0000000a                   : ssi.obj (.text:SSIEnable)
                  00002cc8    0000000a                   : uart.obj (.text:UARTCharPut)
                  00002cd2    0000000a     rtsv7M4_T_le_v4SPD16_eabi.lib : sprintf.c.obj (.text:_outc)
                  00002cdc    00000008     driverlib.lib : ssi.obj (.text:SSIBusy)
                  00002ce4    00000008     rtsv7M4_T_le_v4SPD16_eabi.lib : errno.c.obj (.text:__aeabi_errno_addr)
                  00002cec    00000006     driverlib.lib : gpio.obj (.text:GPIOPinWrite)
                  00002cf2    00000006                   : sysctl.obj (.text:SysCtlDelay)
                  00002cf8    00000004     rtsv7M4_T_le_v4SPD16_eabi.lib : pre_init.c.obj (.text:_system_pre_init)
                  00002cfc    00000004                                   : exit.c.obj (.text:abort:abort)

.const     0    00002d00    00000439     
                  00002d00    00000101     rtsv7M4_T_le_v4SPD16_eabi.lib : ctype.c.obj (.const:.string:_ctypes_)
                  00002e01    00000003     --HOLE-- [fill = 0]
                  00002e04    000000d8     driverlib.lib : gpio.obj (.const:g_ppui32GPIOIntMapSnowflake)
                  00002edc    000000c0                   : gpio.obj (.const:g_ppui32GPIOIntMapBlizzard)
                  00002f9c    00000090                   : gpio.obj (.const:g_pui32GPIOBaseAddrs)
                  0000302c    00000070                   : interrupt.obj (.const)
                  0000309c    0000006c                   : sysctl.obj (.const:g_pui32Xtals)
                  00003108    00000019     master.obj (.const:.string:$P$T1$2)
                  00003121    00000018     master.obj (.const:.string:$P$T0$1)

.cinit     0    00003140    00000070     
                  00003140    00000037     (.cinit..data.load) [load image, compression = lzss]
                  00003177    00000001     --HOLE-- [fill = 0]
                  00003178    0000000c     (__TI_handler_table)
                  00003184    00000004     --HOLE-- [fill = 0]
                  00003188    00000008     (.cinit..bss.load) [load image, compression = zero_init]
                  00003190    00000008     (.cinit..vtable.load) [load image, compression = zero_init]
                  00003198    00000018     (__TI_cinit_table)

.init_array 
*          0    00000000    00000000     UNINITIALIZED

.vtable    0    20000000    0000026c     UNINITIALIZED
                  20000000    0000026c     driverlib.lib : interrupt.obj (.vtable)

.bss       0    2000026c    00000004     UNINITIALIZED
                  2000026c    00000004     (.common:check)

.data      0    20000470    00000030     UNINITIALIZED
                  20000470    0000002c     master.obj (.data:welcome)
                  2000049c    00000004     rtsv7M4_T_le_v4SPD16_eabi.lib : errno.c.obj (.data)

.stack     0    20000270    00000200     UNINITIALIZED
                  20000270    00000004     rtsv7M4_T_le_v4SPD16_eabi.lib : boot_cortex_m.c.obj (.stack)
                  20000274    000001fc     --HOLE--

MODULE SUMMARY

       Module                         code    ro data   rw data
       ------                         ----    -------   -------
    .\
       master.obj                     580     49        44     
       tm4c123gh6pm_startup_ccs.obj   12      620       0      
       tivahelper.obj                 276     0         0      
       gyro.obj                       216     0         4      
    +--+------------------------------+-------+---------+---------+
       Total:                         1084    669       48     
                                                               
    C:/ti/TivaWare_C_Series-2.1.4.178/driverlib/ccs/Debug/driverlib.lib
       gpio.obj                       694     552       0      
       interrupt.obj                  172     112       620    
       sysctl.obj                     574     108       0      
       adc.obj                        336     0         0      
       uart.obj                       132     0         0      
       ssi.obj                        100     0         0      
       systick.obj                    84      0         0      
       cpu.obj                        12      0         0      
    +--+------------------------------+-------+---------+---------+
       Total:                         2104    772       620    
                                                               
    C:\ti\ccsv8\tools\compiler\ti-cgt-arm_18.1.4.LTS\lib\rtsv7M4_T_le_v4SPD16_eabi.lib
       _printfi.c.obj                 4867    0         0      
       fd_add_t2.asm.obj              438     0         0      
       fd_div_t2.asm.obj              310     0         0      
       s_scalbn.c.obj                 272     0         0      
       fd_cmp_t2.asm.obj              268     0         0      
       ctype.c.obj                    0       257       0      
       fd_mul_t2.asm.obj              252     0         0      
       memcpy_t2.asm.obj              156     0         0      
       ull_div_t2.asm.obj             150     0         0      
       memset_t2.asm.obj              122     0         0      
       copy_decompress_lzss.c.obj     104     0         0      
       s_frexp.c.obj                  100     0         0      
       sprintf.c.obj                  98      0         0      
       ltoa.c.obj                     84      0         0      
       atoi.c.obj                     76      0         0      
       fd_toi_t2.asm.obj              72      0         0      
       autoinit.c.obj                 68      0         0      
       boot_cortex_m.c.obj            56      0         0      
       i_tofd_t2.asm.obj              46      0         0      
       memccpy.c.obj                  28      0         0      
       strchr.c.obj                   22      0         0      
       s_copysign.c.obj               20      0         0      
       strlen.c.obj                   20      0         0      
       copy_zero_init.c.obj           18      0         0      
       wcslen.c.obj                   18      0         0      
       copy_decompress_none.c.obj     14      0         0      
       errno.c.obj                    8       0         4      
       exit.c.obj                     4       0         0      
       pre_init.c.obj                 4       0         0      
       div0.asm.obj                   2       0         0      
    +--+------------------------------+-------+---------+---------+
       Total:                         7697    257       4      
                                                               
       Stack:                         0       0         512    
       Linker Generated:              0       107       0      
    +--+------------------------------+-------+---------+---------+
       Grand Total:                   10885   1805      1184   


LINKER GENERATED COPY TABLES

__TI_cinit_table @ 00003198 records: 3, size/record: 8, table size: 24
	.data: load addr=00003140, load size=00000037 bytes, run addr=20000470, run size=00000030 bytes, compression=lzss
	.bss: load addr=00003188, load size=00000008 bytes, run addr=2000026c, run size=00000004 bytes, compression=zero_init
	.vtable: load addr=00003190, load size=00000008 bytes, run addr=20000000, run size=0000026c bytes, compression=zero_init


LINKER GENERATED HANDLER TABLE

__TI_handler_table @ 00003178 records: 3, size/record: 4, table size: 12
	index: 0, handler: __TI_zero_init
	index: 1, handler: __TI_decompress_lzss
	index: 2, handler: __TI_decompress_none


GLOBAL SYMBOLS: SORTED ALPHABETICALLY BY Name 

address   name                          
-------   ----                          
00002c37  ADCIntEnable                  
00002b01  ADCIntRegister                
000026a7  ADCSequenceConfigure          
00002c69  ADCSequenceEnable             
000022bd  ADCSequenceStepConfigure      
00002cfd  C$$EXIT                       
00002c85  CPUcpsie                      
00002a7f  GPIODirModeSet                
00002c91  GPIOIntEnable                 
00002b19  GPIOIntRegister               
00002555  GPIOIntTypeSet                
0000177b  GPIOPadConfigSet              
00002795  GPIOPinConfigure              
00002bdd  GPIOPinTypeGPIOInput          
00002b31  GPIOPinTypeGPIOOutput         
00002bef  GPIOPinTypeSSI                
00002c01  GPIOPinTypeUART               
00002ced  GPIOPinWrite                  
00002421  IntEnable                     
00002c47  IntMasterEnable               
000029e9  IntRegister                   
00002ca9  ResetISR                      
00002cdd  SSIBusy                       
00002973  SSIConfigSetExpClk            
00002c9d  SSIDataGet                    
00002cb5  SSIDataPut                    
00002cbf  SSIEnable                     
00001ae5  SysCtlClockGet                
00001e01  SysCtlClockSet                
00002cf3  SysCtlDelay                   
00002a1d  SysCtlPeripheralEnable        
00002b79  SysTickEnable                 
00002b8d  SysTickIntEnable              
00002ac9  SysTickIntRegister            
00002c59  SysTickPeriodSet              
00002cc9  UARTCharPut                   
00002825  UARTConfigSetExpClk           
00002aa9  UARTDisable                   
00002ba1  UARTEnable                    
20000470  __STACK_END                   
00000200  __STACK_SIZE                  
20000470  __STACK_TOP                   
00003198  __TI_CINIT_Base               
000031b0  __TI_CINIT_Limit              
00003178  __TI_Handler_Table_Base       
00003184  __TI_Handler_Table_Limit      
000028b1  __TI_auto_init_nobinit_nopinit
00002489  __TI_decompress_lzss          
00002c77  __TI_decompress_none          
ffffffff  __TI_pprof_out_hndl           
0000026d  __TI_printfi                  
ffffffff  __TI_prof_data_size           
ffffffff  __TI_prof_data_start          
00000000  __TI_static_base__            
00002c13  __TI_zero_init_nomemset       
000021b1  __aeabi_cdcmpeq               
000021b1  __aeabi_cdcmple               
00002237  __aeabi_cdrcmple              
000027dd  __aeabi_d2iz                  
0000135b  __aeabi_dadd                  
00001645  __aeabi_ddiv                  
00001d05  __aeabi_dmul                  
00001351  __aeabi_dsub                  
00002ce5  __aeabi_errno_addr            
00002a51  __aeabi_i2d                   
00000ccb  __aeabi_idiv0                 
00000ccb  __aeabi_ldiv0                 
00002337  __aeabi_memclr                
00002337  __aeabi_memclr4               
00002337  __aeabi_memclr8               
0000207f  __aeabi_memcpy                
0000207f  __aeabi_memcpy4               
0000207f  __aeabi_memcpy8               
00002339  __aeabi_memset                
00002339  __aeabi_memset4               
00002339  __aeabi_memset8               
0000211b  __aeabi_uldivmod              
ffffffff  __binit__                     
ffffffff  __c_args__                    
UNDEFED   __mpu_init                    
20000270  __stack                       
000029b1  _c_int00_noargs               
00002d00  _ctypes_                      
UNDEFED   _system_post_cinit            
00002cf9  _system_pre_init              
00002cfd  abort                         
00002749  atoi                          
ffffffff  binit                         
2000026c  check                         
00001f4f  composeRegRead                
00001f33  composeRegWrite               
00002bb5  copysign                      
00002bb5  copysignl                     
2000049c  errno                         
000024f1  frexp                         
000024f1  frexpl                        
20000000  g_pfnRAMVectors               
00000000  g_pfnVectors                  
00001a6f  initADCInt                    
000019d1  initClock                     
000019db  initGPIO                      
00001ef5  initGyro                      
00001a25  initMSTimer                   
00000f3d  initSSI                       
00001a4f  initSWInt                     
00000fa3  initUART                      
00001bf5  ldexp                         
00001bf5  ldexpl                        
00002601  ltoa                          
00001043  main                          
00002ae5  memccpy                       
0000207f  memcpy                        
0000233f  memset                        
00001f6d  reverse                       
00001bf5  scalbn                        
00001bf5  scalbnl                       
00001ab1  setLED                        
000028f5  sprintf                       
00002b61  strchr                        
00002bc9  strlen                        
00000ff3  uartPrint                     
00001027  uartPrintln                   
00002c25  wcslen                        
20000470  welcome                       


GLOBAL SYMBOLS: SORTED BY Symbol Address 

address   name                          
-------   ----                          
00000000  __TI_static_base__            
00000000  g_pfnVectors                  
00000200  __STACK_SIZE                  
0000026d  __TI_printfi                  
00000ccb  __aeabi_idiv0                 
00000ccb  __aeabi_ldiv0                 
00000f3d  initSSI                       
00000fa3  initUART                      
00000ff3  uartPrint                     
00001027  uartPrintln                   
00001043  main                          
00001351  __aeabi_dsub                  
0000135b  __aeabi_dadd                  
00001645  __aeabi_ddiv                  
0000177b  GPIOPadConfigSet              
000019d1  initClock                     
000019db  initGPIO                      
00001a25  initMSTimer                   
00001a4f  initSWInt                     
00001a6f  initADCInt                    
00001ab1  setLED                        
00001ae5  SysCtlClockGet                
00001bf5  ldexp                         
00001bf5  ldexpl                        
00001bf5  scalbn                        
00001bf5  scalbnl                       
00001d05  __aeabi_dmul                  
00001e01  SysCtlClockSet                
00001ef5  initGyro                      
00001f33  composeRegWrite               
00001f4f  composeRegRead                
00001f6d  reverse                       
0000207f  __aeabi_memcpy                
0000207f  __aeabi_memcpy4               
0000207f  __aeabi_memcpy8               
0000207f  memcpy                        
0000211b  __aeabi_uldivmod              
000021b1  __aeabi_cdcmpeq               
000021b1  __aeabi_cdcmple               
00002237  __aeabi_cdrcmple              
000022bd  ADCSequenceStepConfigure      
00002337  __aeabi_memclr                
00002337  __aeabi_memclr4               
00002337  __aeabi_memclr8               
00002339  __aeabi_memset                
00002339  __aeabi_memset4               
00002339  __aeabi_memset8               
0000233f  memset                        
00002421  IntEnable                     
00002489  __TI_decompress_lzss          
000024f1  frexp                         
000024f1  frexpl                        
00002555  GPIOIntTypeSet                
00002601  ltoa                          
000026a7  ADCSequenceConfigure          
00002749  atoi                          
00002795  GPIOPinConfigure              
000027dd  __aeabi_d2iz                  
00002825  UARTConfigSetExpClk           
000028b1  __TI_auto_init_nobinit_nopinit
000028f5  sprintf                       
00002973  SSIConfigSetExpClk            
000029b1  _c_int00_noargs               
000029e9  IntRegister                   
00002a1d  SysCtlPeripheralEnable        
00002a51  __aeabi_i2d                   
00002a7f  GPIODirModeSet                
00002aa9  UARTDisable                   
00002ac9  SysTickIntRegister            
00002ae5  memccpy                       
00002b01  ADCIntRegister                
00002b19  GPIOIntRegister               
00002b31  GPIOPinTypeGPIOOutput         
00002b61  strchr                        
00002b79  SysTickEnable                 
00002b8d  SysTickIntEnable              
00002ba1  UARTEnable                    
00002bb5  copysign                      
00002bb5  copysignl                     
00002bc9  strlen                        
00002bdd  GPIOPinTypeGPIOInput          
00002bef  GPIOPinTypeSSI                
00002c01  GPIOPinTypeUART               
00002c13  __TI_zero_init_nomemset       
00002c25  wcslen                        
00002c37  ADCIntEnable                  
00002c47  IntMasterEnable               
00002c59  SysTickPeriodSet              
00002c69  ADCSequenceEnable             
00002c77  __TI_decompress_none          
00002c85  CPUcpsie                      
00002c91  GPIOIntEnable                 
00002c9d  SSIDataGet                    
00002ca9  ResetISR                      
00002cb5  SSIDataPut                    
00002cbf  SSIEnable                     
00002cc9  UARTCharPut                   
00002cdd  SSIBusy                       
00002ce5  __aeabi_errno_addr            
00002ced  GPIOPinWrite                  
00002cf3  SysCtlDelay                   
00002cf9  _system_pre_init              
00002cfd  C$$EXIT                       
00002cfd  abort                         
00002d00  _ctypes_                      
00003178  __TI_Handler_Table_Base       
00003184  __TI_Handler_Table_Limit      
00003198  __TI_CINIT_Base               
000031b0  __TI_CINIT_Limit              
20000000  g_pfnRAMVectors               
2000026c  check                         
20000270  __stack                       
20000470  __STACK_END                   
20000470  __STACK_TOP                   
20000470  welcome                       
2000049c  errno                         
ffffffff  __TI_pprof_out_hndl           
ffffffff  __TI_prof_data_size           
ffffffff  __TI_prof_data_start          
ffffffff  __binit__                     
ffffffff  __c_args__                    
ffffffff  binit                         
UNDEFED   __mpu_init                    
UNDEFED   _system_post_cinit            

[124 symbols]
