<?xml version="1.0" encoding="ISO-8859-1" ?>
<link_info>
   <banner>TI ARM Linker PC v18.1.4.LTS</banner>
   <copyright>Copyright (c) 1996-2018 Texas Instruments Incorporated</copyright>
   <link_time>0x5c8ecb97</link_time>
   <link_errors>0x0</link_errors>
   <output_file>final_project.out</output_file>
   <entry_point>
      <name>_c_int00_noargs</name>
      <address>0x29b1</address>
   </entry_point>
   <input_file_list>
      <input_file id="fl-2">
         <path>.\</path>
         <kind>object</kind>
         <file>gyro.obj</file>
         <name>gyro.obj</name>
      </input_file>
      <input_file id="fl-3">
         <path>.\</path>
         <kind>object</kind>
         <file>master.obj</file>
         <name>master.obj</name>
      </input_file>
      <input_file id="fl-4">
         <path>.\</path>
         <kind>object</kind>
         <file>tivahelper.obj</file>
         <name>tivahelper.obj</name>
      </input_file>
      <input_file id="fl-5">
         <path>.\</path>
         <kind>object</kind>
         <file>tm4c123gh6pm_startup_ccs.obj</file>
         <name>tm4c123gh6pm_startup_ccs.obj</name>
      </input_file>
      <input_file id="fl-a">
         <kind>object</kind>
         <file>&lt;internal&gt;</file>
         <name>&lt;internal&gt;</name>
      </input_file>
      <input_file id="fl-c0">
         <path>C:\ti\ccsv8\tools\compiler\ti-cgt-arm_18.1.4.LTS\lib\</path>
         <kind>archive</kind>
         <file>rtsv7M4_T_le_v4SPD16_eabi.lib</file>
         <name>memcpy_t2.asm.obj</name>
      </input_file>
      <input_file id="fl-c1">
         <path>C:\ti\ccsv8\tools\compiler\ti-cgt-arm_18.1.4.LTS\lib\</path>
         <kind>archive</kind>
         <file>rtsv7M4_T_le_v4SPD16_eabi.lib</file>
         <name>copy_zero_init.c.obj</name>
      </input_file>
      <input_file id="fl-c2">
         <path>C:\ti\ccsv8\tools\compiler\ti-cgt-arm_18.1.4.LTS\lib\</path>
         <kind>archive</kind>
         <file>rtsv7M4_T_le_v4SPD16_eabi.lib</file>
         <name>copy_decompress_none.c.obj</name>
      </input_file>
      <input_file id="fl-c3">
         <path>C:\ti\ccsv8\tools\compiler\ti-cgt-arm_18.1.4.LTS\lib\</path>
         <kind>archive</kind>
         <file>rtsv7M4_T_le_v4SPD16_eabi.lib</file>
         <name>copy_decompress_lzss.c.obj</name>
      </input_file>
      <input_file id="fl-c4">
         <path>C:\ti\ccsv8\tools\compiler\ti-cgt-arm_18.1.4.LTS\lib\</path>
         <kind>archive</kind>
         <file>rtsv7M4_T_le_v4SPD16_eabi.lib</file>
         <name>boot_cortex_m.c.obj</name>
      </input_file>
      <input_file id="fl-c5">
         <path>C:\ti\ccsv8\tools\compiler\ti-cgt-arm_18.1.4.LTS\lib\</path>
         <kind>archive</kind>
         <file>rtsv7M4_T_le_v4SPD16_eabi.lib</file>
         <name>exit.c.obj</name>
      </input_file>
      <input_file id="fl-c6">
         <path>C:\ti\ccsv8\tools\compiler\ti-cgt-arm_18.1.4.LTS\lib\</path>
         <kind>archive</kind>
         <file>rtsv7M4_T_le_v4SPD16_eabi.lib</file>
         <name>_lock.c.obj</name>
      </input_file>
      <input_file id="fl-c7">
         <path>C:\ti\ccsv8\tools\compiler\ti-cgt-arm_18.1.4.LTS\lib\</path>
         <kind>archive</kind>
         <file>rtsv7M4_T_le_v4SPD16_eabi.lib</file>
         <name>args_main.c.obj</name>
      </input_file>
      <input_file id="fl-c8">
         <path>C:\ti\ccsv8\tools\compiler\ti-cgt-arm_18.1.4.LTS\lib\</path>
         <kind>archive</kind>
         <file>rtsv7M4_T_le_v4SPD16_eabi.lib</file>
         <name>sprintf.c.obj</name>
      </input_file>
      <input_file id="fl-c9">
         <path>C:\ti\ccsv8\tools\compiler\ti-cgt-arm_18.1.4.LTS\lib\</path>
         <kind>archive</kind>
         <file>rtsv7M4_T_le_v4SPD16_eabi.lib</file>
         <name>strlen.c.obj</name>
      </input_file>
      <input_file id="fl-ca">
         <path>C:\ti\ccsv8\tools\compiler\ti-cgt-arm_18.1.4.LTS\lib\</path>
         <kind>archive</kind>
         <file>rtsv7M4_T_le_v4SPD16_eabi.lib</file>
         <name>memset_t2.asm.obj</name>
      </input_file>
      <input_file id="fl-cb">
         <path>C:\ti\ccsv8\tools\compiler\ti-cgt-arm_18.1.4.LTS\lib\</path>
         <kind>archive</kind>
         <file>rtsv7M4_T_le_v4SPD16_eabi.lib</file>
         <name>autoinit.c.obj</name>
      </input_file>
      <input_file id="fl-cc">
         <path>C:\ti\ccsv8\tools\compiler\ti-cgt-arm_18.1.4.LTS\lib\</path>
         <kind>archive</kind>
         <file>rtsv7M4_T_le_v4SPD16_eabi.lib</file>
         <name>pre_init.c.obj</name>
      </input_file>
      <input_file id="fl-cd">
         <path>C:\ti\ccsv8\tools\compiler\ti-cgt-arm_18.1.4.LTS\lib\</path>
         <kind>archive</kind>
         <file>rtsv7M4_T_le_v4SPD16_eabi.lib</file>
         <name>cpy_tbl.c.obj</name>
      </input_file>
      <input_file id="fl-ce">
         <path>C:\ti\ccsv8\tools\compiler\ti-cgt-arm_18.1.4.LTS\lib\</path>
         <kind>archive</kind>
         <file>rtsv7M4_T_le_v4SPD16_eabi.lib</file>
         <name>_printfi.c.obj</name>
      </input_file>
      <input_file id="fl-cf">
         <path>C:\ti\ccsv8\tools\compiler\ti-cgt-arm_18.1.4.LTS\lib\</path>
         <kind>archive</kind>
         <file>rtsv7M4_T_le_v4SPD16_eabi.lib</file>
         <name>atoi.c.obj</name>
      </input_file>
      <input_file id="fl-d0">
         <path>C:\ti\ccsv8\tools\compiler\ti-cgt-arm_18.1.4.LTS\lib\</path>
         <kind>archive</kind>
         <file>rtsv7M4_T_le_v4SPD16_eabi.lib</file>
         <name>ctype.c.obj</name>
      </input_file>
      <input_file id="fl-d1">
         <path>C:\ti\ccsv8\tools\compiler\ti-cgt-arm_18.1.4.LTS\lib\</path>
         <kind>archive</kind>
         <file>rtsv7M4_T_le_v4SPD16_eabi.lib</file>
         <name>ltoa.c.obj</name>
      </input_file>
      <input_file id="fl-d2">
         <path>C:\ti\ccsv8\tools\compiler\ti-cgt-arm_18.1.4.LTS\lib\</path>
         <kind>archive</kind>
         <file>rtsv7M4_T_le_v4SPD16_eabi.lib</file>
         <name>memccpy.c.obj</name>
      </input_file>
      <input_file id="fl-d3">
         <path>C:\ti\ccsv8\tools\compiler\ti-cgt-arm_18.1.4.LTS\lib\</path>
         <kind>archive</kind>
         <file>rtsv7M4_T_le_v4SPD16_eabi.lib</file>
         <name>strchr.c.obj</name>
      </input_file>
      <input_file id="fl-d4">
         <path>C:\ti\ccsv8\tools\compiler\ti-cgt-arm_18.1.4.LTS\lib\</path>
         <kind>archive</kind>
         <file>rtsv7M4_T_le_v4SPD16_eabi.lib</file>
         <name>wcslen.c.obj</name>
      </input_file>
      <input_file id="fl-d5">
         <path>C:\ti\ccsv8\tools\compiler\ti-cgt-arm_18.1.4.LTS\lib\</path>
         <kind>archive</kind>
         <file>rtsv7M4_T_le_v4SPD16_eabi.lib</file>
         <name>s_frexp.c.obj</name>
      </input_file>
      <input_file id="fl-d6">
         <path>C:\ti\ccsv8\tools\compiler\ti-cgt-arm_18.1.4.LTS\lib\</path>
         <kind>archive</kind>
         <file>rtsv7M4_T_le_v4SPD16_eabi.lib</file>
         <name>s_scalbn.c.obj</name>
      </input_file>
      <input_file id="fl-d7">
         <path>C:\ti\ccsv8\tools\compiler\ti-cgt-arm_18.1.4.LTS\lib\</path>
         <kind>archive</kind>
         <file>rtsv7M4_T_le_v4SPD16_eabi.lib</file>
         <name>fd_add_t2.asm.obj</name>
      </input_file>
      <input_file id="fl-d8">
         <path>C:\ti\ccsv8\tools\compiler\ti-cgt-arm_18.1.4.LTS\lib\</path>
         <kind>archive</kind>
         <file>rtsv7M4_T_le_v4SPD16_eabi.lib</file>
         <name>fd_cmp_t2.asm.obj</name>
      </input_file>
      <input_file id="fl-d9">
         <path>C:\ti\ccsv8\tools\compiler\ti-cgt-arm_18.1.4.LTS\lib\</path>
         <kind>archive</kind>
         <file>rtsv7M4_T_le_v4SPD16_eabi.lib</file>
         <name>fd_div_t2.asm.obj</name>
      </input_file>
      <input_file id="fl-da">
         <path>C:\ti\ccsv8\tools\compiler\ti-cgt-arm_18.1.4.LTS\lib\</path>
         <kind>archive</kind>
         <file>rtsv7M4_T_le_v4SPD16_eabi.lib</file>
         <name>fd_mul_t2.asm.obj</name>
      </input_file>
      <input_file id="fl-db">
         <path>C:\ti\ccsv8\tools\compiler\ti-cgt-arm_18.1.4.LTS\lib\</path>
         <kind>archive</kind>
         <file>rtsv7M4_T_le_v4SPD16_eabi.lib</file>
         <name>fd_toi_t2.asm.obj</name>
      </input_file>
      <input_file id="fl-dc">
         <path>C:\ti\ccsv8\tools\compiler\ti-cgt-arm_18.1.4.LTS\lib\</path>
         <kind>archive</kind>
         <file>rtsv7M4_T_le_v4SPD16_eabi.lib</file>
         <name>i_tofd_t2.asm.obj</name>
      </input_file>
      <input_file id="fl-dd">
         <path>C:\ti\ccsv8\tools\compiler\ti-cgt-arm_18.1.4.LTS\lib\</path>
         <kind>archive</kind>
         <file>rtsv7M4_T_le_v4SPD16_eabi.lib</file>
         <name>ull_div_t2.asm.obj</name>
      </input_file>
      <input_file id="fl-de">
         <path>C:\ti\ccsv8\tools\compiler\ti-cgt-arm_18.1.4.LTS\lib\</path>
         <kind>archive</kind>
         <file>rtsv7M4_T_le_v4SPD16_eabi.lib</file>
         <name>errno.c.obj</name>
      </input_file>
      <input_file id="fl-df">
         <path>C:\ti\ccsv8\tools\compiler\ti-cgt-arm_18.1.4.LTS\lib\</path>
         <kind>archive</kind>
         <file>rtsv7M4_T_le_v4SPD16_eabi.lib</file>
         <name>s_copysign.c.obj</name>
      </input_file>
      <input_file id="fl-e0">
         <path>C:\ti\ccsv8\tools\compiler\ti-cgt-arm_18.1.4.LTS\lib\</path>
         <kind>archive</kind>
         <file>rtsv7M4_T_le_v4SPD16_eabi.lib</file>
         <name>div0.asm.obj</name>
      </input_file>
      <input_file id="fl-e1">
         <path>C:\ti\TivaWare_C_Series-2.1.4.178\driverlib\ccs\Debug\</path>
         <kind>archive</kind>
         <file>driverlib.lib</file>
         <name>adc.obj</name>
      </input_file>
      <input_file id="fl-e2">
         <path>C:\ti\TivaWare_C_Series-2.1.4.178\driverlib\ccs\Debug\</path>
         <kind>archive</kind>
         <file>driverlib.lib</file>
         <name>gpio.obj</name>
      </input_file>
      <input_file id="fl-e3">
         <path>C:\ti\TivaWare_C_Series-2.1.4.178\driverlib\ccs\Debug\</path>
         <kind>archive</kind>
         <file>driverlib.lib</file>
         <name>interrupt.obj</name>
      </input_file>
      <input_file id="fl-e4">
         <path>C:\ti\TivaWare_C_Series-2.1.4.178\driverlib\ccs\Debug\</path>
         <kind>archive</kind>
         <file>driverlib.lib</file>
         <name>ssi.obj</name>
      </input_file>
      <input_file id="fl-e5">
         <path>C:\ti\TivaWare_C_Series-2.1.4.178\driverlib\ccs\Debug\</path>
         <kind>archive</kind>
         <file>driverlib.lib</file>
         <name>sysctl.obj</name>
      </input_file>
      <input_file id="fl-e6">
         <path>C:\ti\TivaWare_C_Series-2.1.4.178\driverlib\ccs\Debug\</path>
         <kind>archive</kind>
         <file>driverlib.lib</file>
         <name>systick.obj</name>
      </input_file>
      <input_file id="fl-e7">
         <path>C:\ti\TivaWare_C_Series-2.1.4.178\driverlib\ccs\Debug\</path>
         <kind>archive</kind>
         <file>driverlib.lib</file>
         <name>uart.obj</name>
      </input_file>
      <input_file id="fl-e8">
         <path>C:\ti\TivaWare_C_Series-2.1.4.178\driverlib\ccs\Debug\</path>
         <kind>archive</kind>
         <file>driverlib.lib</file>
         <name>cpu.obj</name>
      </input_file>
   </input_file_list>
   <object_component_list>
      <object_component id="oc-f">
         <name>.intvecs</name>
         <load_address>0x0</load_address>
         <run_address>0x0</run_address>
         <size>0x26c</size>
         <input_file_ref idref="fl-5"/>
      </object_component>
      <object_component id="oc-205">
         <name>.text:__TI_printfi</name>
         <load_address>0x26c</load_address>
         <run_address>0x26c</run_address>
         <size>0xa5e</size>
         <input_file_ref idref="fl-ce"/>
      </object_component>
      <object_component id="oc-3bf">
         <name>.text</name>
         <load_address>0xcca</load_address>
         <run_address>0xcca</run_address>
         <size>0x2</size>
         <input_file_ref idref="fl-e0"/>
      </object_component>
      <object_component id="oc-2c4">
         <name>.text:_pconv_a</name>
         <load_address>0xccc</load_address>
         <run_address>0xccc</run_address>
         <size>0x270</size>
         <input_file_ref idref="fl-ce"/>
      </object_component>
      <object_component id="oc-98">
         <name>.text</name>
         <load_address>0xf3c</load_address>
         <run_address>0xf3c</run_address>
         <size>0x244</size>
         <input_file_ref idref="fl-3"/>
      </object_component>
      <object_component id="oc-2b2">
         <name>.text:_pconv_g</name>
         <load_address>0x1180</load_address>
         <run_address>0x1180</run_address>
         <size>0x1d0</size>
         <input_file_ref idref="fl-ce"/>
      </object_component>
      <object_component id="oc-34f">
         <name>.text</name>
         <load_address>0x1350</load_address>
         <run_address>0x1350</run_address>
         <size>0x1b6</size>
         <input_file_ref idref="fl-d7"/>
      </object_component>
      <object_component id="oc-2be">
         <name>.text:_pconv_e</name>
         <load_address>0x1508</load_address>
         <run_address>0x1508</run_address>
         <size>0x13c</size>
         <input_file_ref idref="fl-ce"/>
      </object_component>
      <object_component id="oc-335">
         <name>.text</name>
         <load_address>0x1644</load_address>
         <run_address>0x1644</run_address>
         <size>0x136</size>
         <input_file_ref idref="fl-d9"/>
      </object_component>
      <object_component id="oc-17d">
         <name>.text:GPIOPadConfigSet</name>
         <load_address>0x177a</load_address>
         <run_address>0x177a</run_address>
         <size>0x132</size>
         <input_file_ref idref="fl-e2"/>
      </object_component>
      <object_component id="oc-361">
         <name>.text:fcvt</name>
         <load_address>0x18ac</load_address>
         <run_address>0x18ac</run_address>
         <size>0x124</size>
         <input_file_ref idref="fl-ce"/>
      </object_component>
      <object_component id="oc-102">
         <name>.text</name>
         <load_address>0x19d0</load_address>
         <run_address>0x19d0</run_address>
         <size>0x114</size>
         <input_file_ref idref="fl-4"/>
      </object_component>
      <object_component id="oc-d8">
         <name>.text:SysCtlClockGet</name>
         <load_address>0x1ae4</load_address>
         <run_address>0x1ae4</run_address>
         <size>0x110</size>
         <input_file_ref idref="fl-e5"/>
      </object_component>
      <object_component id="oc-375">
         <name>.text:scalbn</name>
         <load_address>0x1bf4</load_address>
         <run_address>0x1bf4</run_address>
         <size>0x110</size>
         <input_file_ref idref="fl-d6"/>
      </object_component>
      <object_component id="oc-330">
         <name>.text</name>
         <load_address>0x1d04</load_address>
         <run_address>0x1d04</run_address>
         <size>0xfc</size>
         <input_file_ref idref="fl-da"/>
      </object_component>
      <object_component id="oc-19d">
         <name>.text:SysCtlClockSet</name>
         <load_address>0x1e00</load_address>
         <run_address>0x1e00</run_address>
         <size>0xf4</size>
         <input_file_ref idref="fl-e5"/>
      </object_component>
      <object_component id="oc-10e">
         <name>.text</name>
         <load_address>0x1ef4</load_address>
         <run_address>0x1ef4</run_address>
         <size>0xd8</size>
         <input_file_ref idref="fl-2"/>
      </object_component>
      <object_component id="oc-2a7">
         <name>.text:_ltostr</name>
         <load_address>0x1fcc</load_address>
         <run_address>0x1fcc</run_address>
         <size>0xb1</size>
         <input_file_ref idref="fl-ce"/>
      </object_component>
      <object_component id="oc-38">
         <name>.text</name>
         <load_address>0x207e</load_address>
         <run_address>0x207e</run_address>
         <size>0x9c</size>
         <input_file_ref idref="fl-c0"/>
      </object_component>
      <object_component id="oc-329">
         <name>.text</name>
         <load_address>0x211a</load_address>
         <run_address>0x211a</run_address>
         <size>0x96</size>
         <input_file_ref idref="fl-dd"/>
      </object_component>
      <object_component id="oc-2ad">
         <name>.text:__aeabi_cdcmple</name>
         <load_address>0x21b0</load_address>
         <run_address>0x21b0</run_address>
         <size>0x86</size>
         <input_file_ref idref="fl-d8"/>
      </object_component>
      <object_component id="oc-33a">
         <name>.text:__aeabi_cdrcmple</name>
         <load_address>0x2236</load_address>
         <run_address>0x2236</run_address>
         <size>0x86</size>
         <input_file_ref idref="fl-d8"/>
      </object_component>
      <object_component id="oc-1e5">
         <name>.text:ADCSequenceStepConfigure</name>
         <load_address>0x22bc</load_address>
         <run_address>0x22bc</run_address>
         <size>0x7a</size>
         <input_file_ref idref="fl-e1"/>
      </object_component>
      <object_component id="oc-8c">
         <name>.text</name>
         <load_address>0x2336</load_address>
         <run_address>0x2336</run_address>
         <size>0x7a</size>
         <input_file_ref idref="fl-ca"/>
      </object_component>
      <object_component id="oc-35a">
         <name>.text:_mcpy</name>
         <load_address>0x23b0</load_address>
         <run_address>0x23b0</run_address>
         <size>0x6e</size>
         <input_file_ref idref="fl-ce"/>
      </object_component>
      <object_component id="oc-289">
         <name>.text:IntEnable</name>
         <load_address>0x2420</load_address>
         <run_address>0x2420</run_address>
         <size>0x68</size>
         <input_file_ref idref="fl-e3"/>
      </object_component>
      <object_component id="oc-12">
         <name>.text:decompress:lzss:__TI_decompress_lzss</name>
         <load_address>0x2488</load_address>
         <run_address>0x2488</run_address>
         <size>0x68</size>
         <input_file_ref idref="fl-c3"/>
      </object_component>
      <object_component id="oc-36f">
         <name>.text:frexp</name>
         <load_address>0x24f0</load_address>
         <run_address>0x24f0</run_address>
         <size>0x64</size>
         <input_file_ref idref="fl-d5"/>
      </object_component>
      <object_component id="oc-1cd">
         <name>.text:GPIOIntTypeSet</name>
         <load_address>0x2554</load_address>
         <run_address>0x2554</run_address>
         <size>0x56</size>
         <input_file_ref idref="fl-e2"/>
      </object_component>
      <object_component id="oc-2b8">
         <name>.text:_pconv_f</name>
         <load_address>0x25aa</load_address>
         <run_address>0x25aa</run_address>
         <size>0x56</size>
         <input_file_ref idref="fl-ce"/>
      </object_component>
      <object_component id="oc-344">
         <name>.text:ltoa</name>
         <load_address>0x2600</load_address>
         <run_address>0x2600</run_address>
         <size>0x54</size>
         <input_file_ref idref="fl-d1"/>
      </object_component>
      <object_component id="oc-354">
         <name>.text:_ecpy</name>
         <load_address>0x2654</load_address>
         <run_address>0x2654</run_address>
         <size>0x52</size>
         <input_file_ref idref="fl-ce"/>
      </object_component>
      <object_component id="oc-1df">
         <name>.text:ADCSequenceConfigure</name>
         <load_address>0x26a6</load_address>
         <run_address>0x26a6</run_address>
         <size>0x50</size>
         <input_file_ref idref="fl-e1"/>
      </object_component>
      <object_component id="oc-296">
         <name>.text:_ADCIntNumberGet</name>
         <load_address>0x26f8</load_address>
         <run_address>0x26f8</run_address>
         <size>0x50</size>
         <input_file_ref idref="fl-e1"/>
      </object_component>
      <object_component id="oc-2a1">
         <name>.text:atoi</name>
         <load_address>0x2748</load_address>
         <run_address>0x2748</run_address>
         <size>0x4c</size>
         <input_file_ref idref="fl-cf"/>
      </object_component>
      <object_component id="oc-cc">
         <name>.text:GPIOPinConfigure</name>
         <load_address>0x2794</load_address>
         <run_address>0x2794</run_address>
         <size>0x48</size>
         <input_file_ref idref="fl-e2"/>
      </object_component>
      <object_component id="oc-33f">
         <name>.text</name>
         <load_address>0x27dc</load_address>
         <run_address>0x27dc</run_address>
         <size>0x48</size>
         <input_file_ref idref="fl-db"/>
      </object_component>
      <object_component id="oc-f0">
         <name>.text:UARTConfigSetExpClk</name>
         <load_address>0x2824</load_address>
         <run_address>0x2824</run_address>
         <size>0x46</size>
         <input_file_ref idref="fl-e7"/>
      </object_component>
      <object_component id="oc-283">
         <name>.text:_GPIOIntNumberGet</name>
         <load_address>0x286c</load_address>
         <run_address>0x286c</run_address>
         <size>0x44</size>
         <input_file_ref idref="fl-e2"/>
      </object_component>
      <object_component id="oc-137">
         <name>.text:__TI_auto_init_nobinit_nopinit:__TI_auto_init_nobinit_nopinit</name>
         <load_address>0x28b0</load_address>
         <run_address>0x28b0</run_address>
         <size>0x44</size>
         <input_file_ref idref="fl-cb"/>
      </object_component>
      <object_component id="oc-108">
         <name>.text:sprintf</name>
         <load_address>0x28f4</load_address>
         <run_address>0x28f4</run_address>
         <size>0x40</size>
         <input_file_ref idref="fl-c8"/>
      </object_component>
      <object_component id="oc-367">
         <name>.text:_fcpy</name>
         <load_address>0x2934</load_address>
         <run_address>0x2934</run_address>
         <size>0x3e</size>
         <input_file_ref idref="fl-ce"/>
      </object_component>
      <object_component id="oc-de">
         <name>.text:SSIConfigSetExpClk</name>
         <load_address>0x2972</load_address>
         <run_address>0x2972</run_address>
         <size>0x3c</size>
         <input_file_ref idref="fl-e4"/>
      </object_component>
      <object_component id="oc-56">
         <name>.text:_c_int00_noargs:_c_int00_noargs</name>
         <load_address>0x29b0</load_address>
         <run_address>0x29b0</run_address>
         <size>0x38</size>
         <input_file_ref idref="fl-c4"/>
      </object_component>
      <object_component id="oc-272">
         <name>.text:IntRegister</name>
         <load_address>0x29e8</load_address>
         <run_address>0x29e8</run_address>
         <size>0x34</size>
         <input_file_ref idref="fl-e3"/>
      </object_component>
      <object_component id="oc-c6">
         <name>.text:SysCtlPeripheralEnable</name>
         <load_address>0x2a1c</load_address>
         <run_address>0x2a1c</run_address>
         <size>0x34</size>
         <input_file_ref idref="fl-e5"/>
      </object_component>
      <object_component id="oc-34a">
         <name>.text</name>
         <load_address>0x2a50</load_address>
         <run_address>0x2a50</run_address>
         <size>0x2e</size>
         <input_file_ref idref="fl-dc"/>
      </object_component>
      <object_component id="oc-177">
         <name>.text:GPIODirModeSet</name>
         <load_address>0x2a7e</load_address>
         <run_address>0x2a7e</run_address>
         <size>0x2a</size>
         <input_file_ref idref="fl-e2"/>
      </object_component>
      <object_component id="oc-18c">
         <name>.text:UARTDisable</name>
         <load_address>0x2aa8</load_address>
         <run_address>0x2aa8</run_address>
         <size>0x20</size>
         <input_file_ref idref="fl-e7"/>
      </object_component>
      <object_component id="oc-1b5">
         <name>.text:SysTickIntRegister</name>
         <load_address>0x2ac8</load_address>
         <run_address>0x2ac8</run_address>
         <size>0x1c</size>
         <input_file_ref idref="fl-e6"/>
      </object_component>
      <object_component id="oc-2ca">
         <name>.text:memccpy</name>
         <load_address>0x2ae4</load_address>
         <run_address>0x2ae4</run_address>
         <size>0x1c</size>
         <input_file_ref idref="fl-d2"/>
      </object_component>
      <object_component id="oc-1f1">
         <name>.text:ADCIntRegister</name>
         <load_address>0x2b00</load_address>
         <run_address>0x2b00</run_address>
         <size>0x18</size>
         <input_file_ref idref="fl-e1"/>
      </object_component>
      <object_component id="oc-1d3">
         <name>.text:GPIOIntRegister</name>
         <load_address>0x2b18</load_address>
         <run_address>0x2b18</run_address>
         <size>0x18</size>
         <input_file_ref idref="fl-e2"/>
      </object_component>
      <object_component id="oc-1a3">
         <name>.text:GPIOPinTypeGPIOOutput</name>
         <load_address>0x2b30</load_address>
         <run_address>0x2b30</run_address>
         <size>0x18</size>
         <input_file_ref idref="fl-e2"/>
      </object_component>
      <object_component id="oc-20b">
         <name>.text:_outs</name>
         <load_address>0x2b48</load_address>
         <run_address>0x2b48</run_address>
         <size>0x18</size>
         <input_file_ref idref="fl-c8"/>
      </object_component>
      <object_component id="oc-37b">
         <name>.text:strchr</name>
         <load_address>0x2b60</load_address>
         <run_address>0x2b60</run_address>
         <size>0x16</size>
         <input_file_ref idref="fl-d3"/>
      </object_component>
      <object_component id="oc-1c7">
         <name>.text:SysTickEnable</name>
         <load_address>0x2b78</load_address>
         <run_address>0x2b78</run_address>
         <size>0x14</size>
         <input_file_ref idref="fl-e6"/>
      </object_component>
      <object_component id="oc-1bb">
         <name>.text:SysTickIntEnable</name>
         <load_address>0x2b8c</load_address>
         <run_address>0x2b8c</run_address>
         <size>0x14</size>
         <input_file_ref idref="fl-e6"/>
      </object_component>
      <object_component id="oc-192">
         <name>.text:UARTEnable</name>
         <load_address>0x2ba0</load_address>
         <run_address>0x2ba0</run_address>
         <size>0x14</size>
         <input_file_ref idref="fl-e7"/>
      </object_component>
      <object_component id="oc-3d8">
         <name>.text:copysign</name>
         <load_address>0x2bb4</load_address>
         <run_address>0x2bb4</run_address>
         <size>0x14</size>
         <input_file_ref idref="fl-df"/>
      </object_component>
      <object_component id="oc-f6">
         <name>.text:strlen</name>
         <load_address>0x2bc8</load_address>
         <run_address>0x2bc8</run_address>
         <size>0x14</size>
         <input_file_ref idref="fl-c9"/>
      </object_component>
      <object_component id="oc-1a9">
         <name>.text:GPIOPinTypeGPIOInput</name>
         <load_address>0x2bdc</load_address>
         <run_address>0x2bdc</run_address>
         <size>0x12</size>
         <input_file_ref idref="fl-e2"/>
      </object_component>
      <object_component id="oc-d2">
         <name>.text:GPIOPinTypeSSI</name>
         <load_address>0x2bee</load_address>
         <run_address>0x2bee</run_address>
         <size>0x12</size>
         <input_file_ref idref="fl-e2"/>
      </object_component>
      <object_component id="oc-ea">
         <name>.text:GPIOPinTypeUART</name>
         <load_address>0x2c00</load_address>
         <run_address>0x2c00</run_address>
         <size>0x12</size>
         <input_file_ref idref="fl-e2"/>
      </object_component>
      <object_component id="oc-44">
         <name>.text:decompress:ZI:__TI_zero_init_nomemset:__TI_zero_init_nomemset</name>
         <load_address>0x2c12</load_address>
         <run_address>0x2c12</run_address>
         <size>0x12</size>
         <input_file_ref idref="fl-c1"/>
      </object_component>
      <object_component id="oc-2d0">
         <name>.text:wcslen</name>
         <load_address>0x2c24</load_address>
         <run_address>0x2c24</run_address>
         <size>0x12</size>
         <input_file_ref idref="fl-d4"/>
      </object_component>
      <object_component id="oc-1f7">
         <name>.text:ADCIntEnable</name>
         <load_address>0x2c36</load_address>
         <run_address>0x2c36</run_address>
         <size>0x10</size>
         <input_file_ref idref="fl-e1"/>
      </object_component>
      <object_component id="oc-1c1">
         <name>.text:IntMasterEnable</name>
         <load_address>0x2c46</load_address>
         <run_address>0x2c46</run_address>
         <size>0x10</size>
         <input_file_ref idref="fl-e3"/>
      </object_component>
      <object_component id="oc-1af">
         <name>.text:SysTickPeriodSet</name>
         <load_address>0x2c58</load_address>
         <run_address>0x2c58</run_address>
         <size>0x10</size>
         <input_file_ref idref="fl-e6"/>
      </object_component>
      <object_component id="oc-1eb">
         <name>.text:ADCSequenceEnable</name>
         <load_address>0x2c68</load_address>
         <run_address>0x2c68</run_address>
         <size>0xe</size>
         <input_file_ref idref="fl-e1"/>
      </object_component>
      <object_component id="oc-18">
         <name>.text:decompress:none:__TI_decompress_none</name>
         <load_address>0x2c76</load_address>
         <run_address>0x2c76</run_address>
         <size>0xe</size>
         <input_file_ref idref="fl-c2"/>
      </object_component>
      <object_component id="oc-27a">
         <name>.text:CPUcpsie</name>
         <load_address>0x2c84</load_address>
         <run_address>0x2c84</run_address>
         <size>0xc</size>
         <input_file_ref idref="fl-e8"/>
      </object_component>
      <object_component id="oc-1d9">
         <name>.text:GPIOIntEnable</name>
         <load_address>0x2c90</load_address>
         <run_address>0x2c90</run_address>
         <size>0xc</size>
         <input_file_ref idref="fl-e2"/>
      </object_component>
      <object_component id="oc-11a">
         <name>.text:SSIDataGet</name>
         <load_address>0x2c9c</load_address>
         <run_address>0x2c9c</run_address>
         <size>0xc</size>
         <input_file_ref idref="fl-e4"/>
      </object_component>
      <object_component id="oc-24">
         <name>.text</name>
         <load_address>0x2ca8</load_address>
         <run_address>0x2ca8</run_address>
         <size>0xc</size>
         <input_file_ref idref="fl-5"/>
      </object_component>
      <object_component id="oc-114">
         <name>.text:SSIDataPut</name>
         <load_address>0x2cb4</load_address>
         <run_address>0x2cb4</run_address>
         <size>0xa</size>
         <input_file_ref idref="fl-e4"/>
      </object_component>
      <object_component id="oc-e4">
         <name>.text:SSIEnable</name>
         <load_address>0x2cbe</load_address>
         <run_address>0x2cbe</run_address>
         <size>0xa</size>
         <input_file_ref idref="fl-e4"/>
      </object_component>
      <object_component id="oc-fc">
         <name>.text:UARTCharPut</name>
         <load_address>0x2cc8</load_address>
         <run_address>0x2cc8</run_address>
         <size>0xa</size>
         <input_file_ref idref="fl-e7"/>
      </object_component>
      <object_component id="oc-211">
         <name>.text:_outc</name>
         <load_address>0x2cd2</load_address>
         <run_address>0x2cd2</run_address>
         <size>0xa</size>
         <input_file_ref idref="fl-c8"/>
      </object_component>
      <object_component id="oc-21e">
         <name>.text:SSIBusy</name>
         <load_address>0x2cdc</load_address>
         <run_address>0x2cdc</run_address>
         <size>0x8</size>
         <input_file_ref idref="fl-e4"/>
      </object_component>
      <object_component id="oc-2d6">
         <name>.text:__aeabi_errno_addr</name>
         <load_address>0x2ce4</load_address>
         <run_address>0x2ce4</run_address>
         <size>0x8</size>
         <input_file_ref idref="fl-de"/>
      </object_component>
      <object_component id="oc-1fd">
         <name>.text:GPIOPinWrite</name>
         <load_address>0x2cec</load_address>
         <run_address>0x2cec</run_address>
         <size>0x6</size>
         <input_file_ref idref="fl-e2"/>
      </object_component>
      <object_component id="oc-26c">
         <name>.text:SysCtlDelay</name>
         <load_address>0x2cf2</load_address>
         <run_address>0x2cf2</run_address>
         <size>0x6</size>
         <input_file_ref idref="fl-e5"/>
      </object_component>
      <object_component id="oc-92">
         <name>.text:_system_pre_init</name>
         <load_address>0x2cf8</load_address>
         <run_address>0x2cf8</run_address>
         <size>0x4</size>
         <input_file_ref idref="fl-cc"/>
      </object_component>
      <object_component id="oc-12b">
         <name>.text:abort:abort</name>
         <load_address>0x2cfc</load_address>
         <run_address>0x2cfc</run_address>
         <size>0x4</size>
         <input_file_ref idref="fl-c5"/>
      </object_component>
      <object_component id="oc-324">
         <name>.const:.string:_ctypes_</name>
         <load_address>0x2d00</load_address>
         <run_address>0x2d00</run_address>
         <size>0x101</size>
         <input_file_ref idref="fl-d0"/>
      </object_component>
      <object_component id="oc-319">
         <name>.const:g_ppui32GPIOIntMapSnowflake</name>
         <load_address>0x2e04</load_address>
         <run_address>0x2e04</run_address>
         <size>0xd8</size>
         <input_file_ref idref="fl-e2"/>
      </object_component>
      <object_component id="oc-316">
         <name>.const:g_ppui32GPIOIntMapBlizzard</name>
         <load_address>0x2edc</load_address>
         <run_address>0x2edc</run_address>
         <size>0xc0</size>
         <input_file_ref idref="fl-e2"/>
      </object_component>
      <object_component id="oc-172">
         <name>.const:g_pui32GPIOBaseAddrs</name>
         <load_address>0x2f9c</load_address>
         <run_address>0x2f9c</run_address>
         <size>0x90</size>
         <input_file_ref idref="fl-e2"/>
      </object_component>
      <object_component id="oc-31d">
         <name>.const</name>
         <load_address>0x302c</load_address>
         <run_address>0x302c</run_address>
         <size>0x70</size>
         <input_file_ref idref="fl-e3"/>
      </object_component>
      <object_component id="oc-184">
         <name>.const:g_pui32Xtals</name>
         <load_address>0x309c</load_address>
         <run_address>0x309c</run_address>
         <size>0x6c</size>
         <input_file_ref idref="fl-e5"/>
      </object_component>
      <object_component id="oc-123">
         <name>.const:.string:$P$T1$2</name>
         <load_address>0x3108</load_address>
         <run_address>0x3108</run_address>
         <size>0x19</size>
         <input_file_ref idref="fl-3"/>
      </object_component>
      <object_component id="oc-120">
         <name>.const:.string:$P$T0$1</name>
         <load_address>0x3121</load_address>
         <run_address>0x3121</run_address>
         <size>0x18</size>
         <input_file_ref idref="fl-3"/>
      </object_component>
      <object_component id="oc-42f">
         <name>.cinit..data.load</name>
         <load_address>0x3140</load_address>
         <run_address>0x3140</run_address>
         <size>0x37</size>
      </object_component>
      <object_component id="oc-42c">
         <name>__TI_handler_table</name>
         <load_address>0x3178</load_address>
         <run_address>0x3178</run_address>
         <size>0xc</size>
      </object_component>
      <object_component id="oc-430">
         <name>.cinit..bss.load</name>
         <load_address>0x3188</load_address>
         <run_address>0x3188</run_address>
         <size>0x8</size>
      </object_component>
      <object_component id="oc-42e">
         <name>.cinit..vtable.load</name>
         <load_address>0x3190</load_address>
         <run_address>0x3190</run_address>
         <size>0x8</size>
      </object_component>
      <object_component id="oc-42d">
         <name>__TI_cinit_table</name>
         <load_address>0x3198</load_address>
         <run_address>0x3198</run_address>
         <size>0x18</size>
      </object_component>
      <object_component id="oc-310">
         <name>.vtable</name>
         <uninitialized>true</uninitialized>
         <run_address>0x20000000</run_address>
         <size>0x26c</size>
         <input_file_ref idref="fl-e3"/>
      </object_component>
      <object_component id="oc-126">
         <name>.data:welcome</name>
         <load_address>0x20000470</load_address>
         <run_address>0x20000470</run_address>
         <size>0x2c</size>
         <input_file_ref idref="fl-3"/>
      </object_component>
      <object_component id="oc-38b">
         <name>.data</name>
         <load_address>0x2000049c</load_address>
         <run_address>0x2000049c</run_address>
         <size>0x4</size>
         <input_file_ref idref="fl-de"/>
      </object_component>
      <object_component id="oc-224">
         <name>.common:check</name>
         <uninitialized>true</uninitialized>
         <run_address>0x2000026c</run_address>
         <size>0x4</size>
      </object_component>
      <object_component id="oc-21">
         <name>.stack</name>
         <uninitialized>true</uninitialized>
         <run_address>0x20000270</run_address>
         <size>0x4</size>
         <input_file_ref idref="fl-c4"/>
      </object_component>
      <object_component id="oc-431">
         <name>.stack</name>
         <uninitialized>true</uninitialized>
         <run_address>0x20000270</run_address>
         <size>0x0</size>
      </object_component>
      <object_component id="oc-b4">
         <name>.debug_info</name>
         <load_address>0x0</load_address>
         <run_address>0x0</run_address>
         <size>0x320</size>
         <input_file_ref idref="fl-2"/>
      </object_component>
      <object_component id="oc-10f">
         <name>.debug_info</name>
         <load_address>0x320</load_address>
         <run_address>0x320</run_address>
         <size>0x3d0</size>
         <input_file_ref idref="fl-2"/>
      </object_component>
      <object_component id="oc-230">
         <name>.debug_info</name>
         <load_address>0x6f0</load_address>
         <run_address>0x6f0</run_address>
         <size>0x110</size>
         <input_file_ref idref="fl-2"/>
      </object_component>
      <object_component id="oc-6d">
         <name>.debug_info</name>
         <load_address>0x800</load_address>
         <run_address>0x800</run_address>
         <size>0x26b</size>
         <input_file_ref idref="fl-2"/>
      </object_component>
      <object_component id="oc-af">
         <name>.debug_info</name>
         <load_address>0xa6b</load_address>
         <run_address>0xa6b</run_address>
         <size>0x8b</size>
         <input_file_ref idref="fl-2"/>
      </object_component>
      <object_component id="oc-aa">
         <name>.debug_info</name>
         <load_address>0xaf6</load_address>
         <run_address>0xaf6</run_address>
         <size>0x297</size>
         <input_file_ref idref="fl-2"/>
      </object_component>
      <object_component id="oc-72">
         <name>.debug_info</name>
         <load_address>0xd8d</load_address>
         <run_address>0xd8d</run_address>
         <size>0xbb</size>
         <input_file_ref idref="fl-2"/>
      </object_component>
      <object_component id="oc-12a">
         <name>.debug_info</name>
         <load_address>0xe48</load_address>
         <run_address>0xe48</run_address>
         <size>0x5cb</size>
         <input_file_ref idref="fl-3"/>
      </object_component>
      <object_component id="oc-127">
         <name>.debug_info</name>
         <load_address>0x1413</load_address>
         <run_address>0x1413</run_address>
         <size>0xcc</size>
         <input_file_ref idref="fl-3"/>
      </object_component>
      <object_component id="oc-121">
         <name>.debug_info</name>
         <load_address>0x14df</load_address>
         <run_address>0x14df</run_address>
         <size>0xcb</size>
         <input_file_ref idref="fl-3"/>
      </object_component>
      <object_component id="oc-124">
         <name>.debug_info</name>
         <load_address>0x15aa</load_address>
         <run_address>0x15aa</run_address>
         <size>0xcb</size>
         <input_file_ref idref="fl-3"/>
      </object_component>
      <object_component id="oc-99">
         <name>.debug_info</name>
         <load_address>0x1675</load_address>
         <run_address>0x1675</run_address>
         <size>0x630</size>
         <input_file_ref idref="fl-3"/>
      </object_component>
      <object_component id="oc-33">
         <name>.debug_info</name>
         <load_address>0x1ca5</load_address>
         <run_address>0x1ca5</run_address>
         <size>0x84</size>
         <input_file_ref idref="fl-3"/>
      </object_component>
      <object_component id="oc-219">
         <name>.debug_info</name>
         <load_address>0x1d29</load_address>
         <run_address>0x1d29</run_address>
         <size>0x2c</size>
         <input_file_ref idref="fl-3"/>
      </object_component>
      <object_component id="oc-204">
         <name>.debug_info</name>
         <load_address>0x1d55</load_address>
         <run_address>0x1d55</run_address>
         <size>0x6dc</size>
         <input_file_ref idref="fl-4"/>
      </object_component>
      <object_component id="oc-105">
         <name>.debug_info</name>
         <load_address>0x2431</load_address>
         <run_address>0x2431</run_address>
         <size>0x570</size>
         <input_file_ref idref="fl-4"/>
      </object_component>
      <object_component id="oc-2c">
         <name>.debug_info</name>
         <load_address>0x29a1</load_address>
         <run_address>0x29a1</run_address>
         <size>0x2a9</size>
         <input_file_ref idref="fl-5"/>
      </object_component>
      <object_component id="oc-10">
         <name>.debug_info</name>
         <load_address>0x2c4a</load_address>
         <run_address>0x2c4a</run_address>
         <size>0xe8</size>
         <input_file_ref idref="fl-5"/>
      </object_component>
      <object_component id="oc-26">
         <name>.debug_info</name>
         <load_address>0x2d32</load_address>
         <run_address>0x2d32</run_address>
         <size>0x264</size>
         <input_file_ref idref="fl-5"/>
      </object_component>
      <object_component id="oc-39">
         <name>.debug_info</name>
         <load_address>0x2f96</load_address>
         <run_address>0x2f96</run_address>
         <size>0x11c</size>
         <input_file_ref idref="fl-c0"/>
      </object_component>
      <object_component id="oc-8b">
         <name>.debug_info</name>
         <load_address>0x30b2</load_address>
         <run_address>0x30b2</run_address>
         <size>0x31e</size>
         <input_file_ref idref="fl-c1"/>
      </object_component>
      <object_component id="oc-48">
         <name>.debug_info</name>
         <load_address>0x33d0</load_address>
         <run_address>0x33d0</run_address>
         <size>0x1bf</size>
         <input_file_ref idref="fl-c1"/>
      </object_component>
      <object_component id="oc-86">
         <name>.debug_info</name>
         <load_address>0x358f</load_address>
         <run_address>0x358f</run_address>
         <size>0x46</size>
         <input_file_ref idref="fl-c1"/>
      </object_component>
      <object_component id="oc-bd">
         <name>.debug_info</name>
         <load_address>0x35d5</load_address>
         <run_address>0x35d5</run_address>
         <size>0x2c</size>
         <input_file_ref idref="fl-c1"/>
      </object_component>
      <object_component id="oc-43">
         <name>.debug_info</name>
         <load_address>0x3601</load_address>
         <run_address>0x3601</run_address>
         <size>0x2a8</size>
         <input_file_ref idref="fl-c2"/>
      </object_component>
      <object_component id="oc-19">
         <name>.debug_info</name>
         <load_address>0x38a9</load_address>
         <run_address>0x38a9</run_address>
         <size>0x1ea</size>
         <input_file_ref idref="fl-c2"/>
      </object_component>
      <object_component id="oc-3e">
         <name>.debug_info</name>
         <load_address>0x3a93</load_address>
         <run_address>0x3a93</run_address>
         <size>0x46</size>
         <input_file_ref idref="fl-c2"/>
      </object_component>
      <object_component id="oc-7e">
         <name>.debug_info</name>
         <load_address>0x3ad9</load_address>
         <run_address>0x3ad9</run_address>
         <size>0x2c</size>
         <input_file_ref idref="fl-c2"/>
      </object_component>
      <object_component id="oc-7c">
         <name>.debug_info</name>
         <load_address>0x3b05</load_address>
         <run_address>0x3b05</run_address>
         <size>0x29e</size>
         <input_file_ref idref="fl-c3"/>
      </object_component>
      <object_component id="oc-16">
         <name>.debug_info</name>
         <load_address>0x3da3</load_address>
         <run_address>0x3da3</run_address>
         <size>0x250</size>
         <input_file_ref idref="fl-c3"/>
      </object_component>
      <object_component id="oc-2e">
         <name>.debug_info</name>
         <load_address>0x3ff3</load_address>
         <run_address>0x3ff3</run_address>
         <size>0x60</size>
         <input_file_ref idref="fl-c3"/>
      </object_component>
      <object_component id="oc-b6">
         <name>.debug_info</name>
         <load_address>0x4053</load_address>
         <run_address>0x4053</run_address>
         <size>0x46</size>
         <input_file_ref idref="fl-c3"/>
      </object_component>
      <object_component id="oc-77">
         <name>.debug_info</name>
         <load_address>0x4099</load_address>
         <run_address>0x4099</run_address>
         <size>0x39</size>
         <input_file_ref idref="fl-c3"/>
      </object_component>
      <object_component id="oc-22">
         <name>.debug_info</name>
         <load_address>0x40d2</load_address>
         <run_address>0x40d2</run_address>
         <size>0x10b</size>
         <input_file_ref idref="fl-c4"/>
      </object_component>
      <object_component id="oc-5a">
         <name>.debug_info</name>
         <load_address>0x41dd</load_address>
         <run_address>0x41dd</run_address>
         <size>0x1af</size>
         <input_file_ref idref="fl-c4"/>
      </object_component>
      <object_component id="oc-12d">
         <name>.debug_info</name>
         <load_address>0x438c</load_address>
         <run_address>0x438c</run_address>
         <size>0x122</size>
         <input_file_ref idref="fl-c5"/>
      </object_component>
      <object_component id="oc-218">
         <name>.debug_info</name>
         <load_address>0x44ae</load_address>
         <run_address>0x44ae</run_address>
         <size>0x333</size>
         <input_file_ref idref="fl-c8"/>
      </object_component>
      <object_component id="oc-109">
         <name>.debug_info</name>
         <load_address>0x47e1</load_address>
         <run_address>0x47e1</run_address>
         <size>0x1d1</size>
         <input_file_ref idref="fl-c8"/>
      </object_component>
      <object_component id="oc-20d">
         <name>.debug_info</name>
         <load_address>0x49b2</load_address>
         <run_address>0x49b2</run_address>
         <size>0x18d</size>
         <input_file_ref idref="fl-c8"/>
      </object_component>
      <object_component id="oc-214">
         <name>.debug_info</name>
         <load_address>0x4b3f</load_address>
         <run_address>0x4b3f</run_address>
         <size>0x16d</size>
         <input_file_ref idref="fl-c8"/>
      </object_component>
      <object_component id="oc-392">
         <name>.debug_info</name>
         <load_address>0x4cac</load_address>
         <run_address>0x4cac</run_address>
         <size>0x2c</size>
         <input_file_ref idref="fl-c8"/>
      </object_component>
      <object_component id="oc-19b">
         <name>.debug_info</name>
         <load_address>0x4cd8</load_address>
         <run_address>0x4cd8</run_address>
         <size>0x28f</size>
         <input_file_ref idref="fl-c9"/>
      </object_component>
      <object_component id="oc-f7">
         <name>.debug_info</name>
         <load_address>0x4f67</load_address>
         <run_address>0x4f67</run_address>
         <size>0x24b</size>
         <input_file_ref idref="fl-c9"/>
      </object_component>
      <object_component id="oc-8d">
         <name>.debug_info</name>
         <load_address>0x51b2</load_address>
         <run_address>0x51b2</run_address>
         <size>0x14a</size>
         <input_file_ref idref="fl-ca"/>
      </object_component>
      <object_component id="oc-240">
         <name>.debug_info</name>
         <load_address>0x52fc</load_address>
         <run_address>0x52fc</run_address>
         <size>0x552</size>
         <input_file_ref idref="fl-cb"/>
      </object_component>
      <object_component id="oc-13a">
         <name>.debug_info</name>
         <load_address>0x584e</load_address>
         <run_address>0x584e</run_address>
         <size>0x1a6</size>
         <input_file_ref idref="fl-cb"/>
      </object_component>
      <object_component id="oc-2fd">
         <name>.debug_info</name>
         <load_address>0x59f4</load_address>
         <run_address>0x59f4</run_address>
         <size>0x39</size>
         <input_file_ref idref="fl-cb"/>
      </object_component>
      <object_component id="oc-3a4">
         <name>.debug_info</name>
         <load_address>0x5a2d</load_address>
         <run_address>0x5a2d</run_address>
         <size>0x39</size>
         <input_file_ref idref="fl-cb"/>
      </object_component>
      <object_component id="oc-302">
         <name>.debug_info</name>
         <load_address>0x5a66</load_address>
         <run_address>0x5a66</run_address>
         <size>0x39</size>
         <input_file_ref idref="fl-cb"/>
      </object_component>
      <object_component id="oc-307">
         <name>.debug_info</name>
         <load_address>0x5a9f</load_address>
         <run_address>0x5a9f</run_address>
         <size>0xcd</size>
         <input_file_ref idref="fl-cb"/>
      </object_component>
      <object_component id="oc-96">
         <name>.debug_info</name>
         <load_address>0x5b6c</load_address>
         <run_address>0x5b6c</run_address>
         <size>0x153</size>
         <input_file_ref idref="fl-cc"/>
      </object_component>
      <object_component id="oc-2dd">
         <name>.debug_info</name>
         <load_address>0x5cbf</load_address>
         <run_address>0x5cbf</run_address>
         <size>0x8b1</size>
         <input_file_ref idref="fl-ce"/>
      </object_component>
      <object_component id="oc-2a8">
         <name>.debug_info</name>
         <load_address>0x6570</load_address>
         <run_address>0x6570</run_address>
         <size>0x21e</size>
         <input_file_ref idref="fl-ce"/>
      </object_component>
      <object_component id="oc-355">
         <name>.debug_info</name>
         <load_address>0x678e</load_address>
         <run_address>0x678e</run_address>
         <size>0x1b3</size>
         <input_file_ref idref="fl-ce"/>
      </object_component>
      <object_component id="oc-35b">
         <name>.debug_info</name>
         <load_address>0x6941</load_address>
         <run_address>0x6941</run_address>
         <size>0x21b</size>
         <input_file_ref idref="fl-ce"/>
      </object_component>
      <object_component id="oc-2b3">
         <name>.debug_info</name>
         <load_address>0x6b5c</load_address>
         <run_address>0x6b5c</run_address>
         <size>0x3bb</size>
         <input_file_ref idref="fl-ce"/>
      </object_component>
      <object_component id="oc-362">
         <name>.debug_info</name>
         <load_address>0x6f17</load_address>
         <run_address>0x6f17</run_address>
         <size>0x305</size>
         <input_file_ref idref="fl-ce"/>
      </object_component>
      <object_component id="oc-368">
         <name>.debug_info</name>
         <load_address>0x721c</load_address>
         <run_address>0x721c</run_address>
         <size>0x215</size>
         <input_file_ref idref="fl-ce"/>
      </object_component>
      <object_component id="oc-2b9">
         <name>.debug_info</name>
         <load_address>0x7431</load_address>
         <run_address>0x7431</run_address>
         <size>0x215</size>
         <input_file_ref idref="fl-ce"/>
      </object_component>
      <object_component id="oc-2c0">
         <name>.debug_info</name>
         <load_address>0x7646</load_address>
         <run_address>0x7646</run_address>
         <size>0x304</size>
         <input_file_ref idref="fl-ce"/>
      </object_component>
      <object_component id="oc-2c6">
         <name>.debug_info</name>
         <load_address>0x794a</load_address>
         <run_address>0x794a</run_address>
         <size>0x4b0</size>
         <input_file_ref idref="fl-ce"/>
      </object_component>
      <object_component id="oc-207">
         <name>.debug_info</name>
         <load_address>0x7dfa</load_address>
         <run_address>0x7dfa</run_address>
         <size>0x5d8</size>
         <input_file_ref idref="fl-ce"/>
      </object_component>
      <object_component id="oc-2de">
         <name>.debug_info</name>
         <load_address>0x83d2</load_address>
         <run_address>0x83d2</run_address>
         <size>0x86</size>
         <input_file_ref idref="fl-ce"/>
      </object_component>
      <object_component id="oc-397">
         <name>.debug_info</name>
         <load_address>0x8458</load_address>
         <run_address>0x8458</run_address>
         <size>0x39</size>
         <input_file_ref idref="fl-ce"/>
      </object_component>
      <object_component id="oc-3ef">
         <name>.debug_info</name>
         <load_address>0x8491</load_address>
         <run_address>0x8491</run_address>
         <size>0xb6</size>
         <input_file_ref idref="fl-ce"/>
      </object_component>
      <object_component id="oc-39c">
         <name>.debug_info</name>
         <load_address>0x8547</load_address>
         <run_address>0x8547</run_address>
         <size>0x46</size>
         <input_file_ref idref="fl-ce"/>
      </object_component>
      <object_component id="oc-2e3">
         <name>.debug_info</name>
         <load_address>0x858d</load_address>
         <run_address>0x858d</run_address>
         <size>0x46</size>
         <input_file_ref idref="fl-ce"/>
      </object_component>
      <object_component id="oc-328">
         <name>.debug_info</name>
         <load_address>0x85d3</load_address>
         <run_address>0x85d3</run_address>
         <size>0x2b9</size>
         <input_file_ref idref="fl-cf"/>
      </object_component>
      <object_component id="oc-2a4">
         <name>.debug_info</name>
         <load_address>0x888c</load_address>
         <run_address>0x888c</run_address>
         <size>0x17c</size>
         <input_file_ref idref="fl-cf"/>
      </object_component>
      <object_component id="oc-3bc">
         <name>.debug_info</name>
         <load_address>0x8a08</load_address>
         <run_address>0x8a08</run_address>
         <size>0xf9</size>
         <input_file_ref idref="fl-d0"/>
      </object_component>
      <object_component id="oc-325">
         <name>.debug_info</name>
         <load_address>0x8b01</load_address>
         <run_address>0x8b01</run_address>
         <size>0x105</size>
         <input_file_ref idref="fl-d0"/>
      </object_component>
      <object_component id="oc-3ca">
         <name>.debug_info</name>
         <load_address>0x8c06</load_address>
         <run_address>0x8c06</run_address>
         <size>0x29b</size>
         <input_file_ref idref="fl-d1"/>
      </object_component>
      <object_component id="oc-346">
         <name>.debug_info</name>
         <load_address>0x8ea1</load_address>
         <run_address>0x8ea1</run_address>
         <size>0x1cd</size>
         <input_file_ref idref="fl-d1"/>
      </object_component>
      <object_component id="oc-383">
         <name>.debug_info</name>
         <load_address>0x906e</load_address>
         <run_address>0x906e</run_address>
         <size>0x296</size>
         <input_file_ref idref="fl-d2"/>
      </object_component>
      <object_component id="oc-2cc">
         <name>.debug_info</name>
         <load_address>0x9304</load_address>
         <run_address>0x9304</run_address>
         <size>0x1b6</size>
         <input_file_ref idref="fl-d2"/>
      </object_component>
      <object_component id="oc-3e1">
         <name>.debug_info</name>
         <load_address>0x94ba</load_address>
         <run_address>0x94ba</run_address>
         <size>0x29a</size>
         <input_file_ref idref="fl-d3"/>
      </object_component>
      <object_component id="oc-37d">
         <name>.debug_info</name>
         <load_address>0x9754</load_address>
         <run_address>0x9754</run_address>
         <size>0x268</size>
         <input_file_ref idref="fl-d3"/>
      </object_component>
      <object_component id="oc-38a">
         <name>.debug_info</name>
         <load_address>0x99bc</load_address>
         <run_address>0x99bc</run_address>
         <size>0x28f</size>
         <input_file_ref idref="fl-d4"/>
      </object_component>
      <object_component id="oc-2d2">
         <name>.debug_info</name>
         <load_address>0x9c4b</load_address>
         <run_address>0x9c4b</run_address>
         <size>0x15a</size>
         <input_file_ref idref="fl-d4"/>
      </object_component>
      <object_component id="oc-3e4">
         <name>.debug_info</name>
         <load_address>0x9da5</load_address>
         <run_address>0x9da5</run_address>
         <size>0x46</size>
         <input_file_ref idref="fl-d4"/>
      </object_component>
      <object_component id="oc-385">
         <name>.debug_info</name>
         <load_address>0x9deb</load_address>
         <run_address>0x9deb</run_address>
         <size>0x39</size>
         <input_file_ref idref="fl-d4"/>
      </object_component>
      <object_component id="oc-3d2">
         <name>.debug_info</name>
         <load_address>0x9e24</load_address>
         <run_address>0x9e24</run_address>
         <size>0x29a</size>
         <input_file_ref idref="fl-d5"/>
      </object_component>
      <object_component id="oc-373">
         <name>.debug_info</name>
         <load_address>0xa0be</load_address>
         <run_address>0xa0be</run_address>
         <size>0x195</size>
         <input_file_ref idref="fl-d5"/>
      </object_component>
      <object_component id="oc-3fb">
         <name>.debug_info</name>
         <load_address>0xa253</load_address>
         <run_address>0xa253</run_address>
         <size>0x39</size>
         <input_file_ref idref="fl-d5"/>
      </object_component>
      <object_component id="oc-3d3">
         <name>.debug_info</name>
         <load_address>0xa28c</load_address>
         <run_address>0xa28c</run_address>
         <size>0x2c</size>
         <input_file_ref idref="fl-d5"/>
      </object_component>
      <object_component id="oc-3df">
         <name>.debug_info</name>
         <load_address>0xa2b8</load_address>
         <run_address>0xa2b8</run_address>
         <size>0x2fd</size>
         <input_file_ref idref="fl-d6"/>
      </object_component>
      <object_component id="oc-379">
         <name>.debug_info</name>
         <load_address>0xa5b5</load_address>
         <run_address>0xa5b5</run_address>
         <size>0x225</size>
         <input_file_ref idref="fl-d6"/>
      </object_component>
      <object_component id="oc-350">
         <name>.debug_info</name>
         <load_address>0xa7da</load_address>
         <run_address>0xa7da</run_address>
         <size>0x14f</size>
         <input_file_ref idref="fl-d7"/>
      </object_component>
      <object_component id="oc-2af">
         <name>.debug_info</name>
         <load_address>0xa929</load_address>
         <run_address>0xa929</run_address>
         <size>0x12b</size>
         <input_file_ref idref="fl-d8"/>
      </object_component>
      <object_component id="oc-33d">
         <name>.debug_info</name>
         <load_address>0xaa54</load_address>
         <run_address>0xaa54</run_address>
         <size>0x12d</size>
         <input_file_ref idref="fl-d8"/>
      </object_component>
      <object_component id="oc-338">
         <name>.debug_info</name>
         <load_address>0xab81</load_address>
         <run_address>0xab81</run_address>
         <size>0x13d</size>
         <input_file_ref idref="fl-d9"/>
      </object_component>
      <object_component id="oc-331">
         <name>.debug_info</name>
         <load_address>0xacbe</load_address>
         <run_address>0xacbe</run_address>
         <size>0x13d</size>
         <input_file_ref idref="fl-da"/>
      </object_component>
      <object_component id="oc-341">
         <name>.debug_info</name>
         <load_address>0xadfb</load_address>
         <run_address>0xadfb</run_address>
         <size>0x131</size>
         <input_file_ref idref="fl-db"/>
      </object_component>
      <object_component id="oc-34b">
         <name>.debug_info</name>
         <load_address>0xaf2c</load_address>
         <run_address>0xaf2c</run_address>
         <size>0x12f</size>
         <input_file_ref idref="fl-dc"/>
      </object_component>
      <object_component id="oc-32c">
         <name>.debug_info</name>
         <load_address>0xb05b</load_address>
         <run_address>0xb05b</run_address>
         <size>0x137</size>
         <input_file_ref idref="fl-dd"/>
      </object_component>
      <object_component id="oc-38f">
         <name>.debug_info</name>
         <load_address>0xb192</load_address>
         <run_address>0xb192</run_address>
         <size>0x289</size>
         <input_file_ref idref="fl-de"/>
      </object_component>
      <object_component id="oc-38c">
         <name>.debug_info</name>
         <load_address>0xb41b</load_address>
         <run_address>0xb41b</run_address>
         <size>0x10e</size>
         <input_file_ref idref="fl-de"/>
      </object_component>
      <object_component id="oc-2d7">
         <name>.debug_info</name>
         <load_address>0xb529</load_address>
         <run_address>0xb529</run_address>
         <size>0x14e</size>
         <input_file_ref idref="fl-de"/>
      </object_component>
      <object_component id="oc-3da">
         <name>.debug_info</name>
         <load_address>0xb677</load_address>
         <run_address>0xb677</run_address>
         <size>0x161</size>
         <input_file_ref idref="fl-df"/>
      </object_component>
      <object_component id="oc-3c1">
         <name>.debug_info</name>
         <load_address>0xb7d8</load_address>
         <run_address>0xb7d8</run_address>
         <size>0x118</size>
         <input_file_ref idref="fl-e0"/>
      </object_component>
      <object_component id="oc-292">
         <name>.debug_info</name>
         <load_address>0xb8f0</load_address>
         <run_address>0xb8f0</run_address>
         <size>0x24d</size>
         <input_file_ref idref="fl-e1"/>
      </object_component>
      <object_component id="oc-1e6">
         <name>.debug_info</name>
         <load_address>0xbb3d</load_address>
         <run_address>0xbb3d</run_address>
         <size>0x333</size>
         <input_file_ref idref="fl-e1"/>
      </object_component>
      <object_component id="oc-1ec">
         <name>.debug_info</name>
         <load_address>0xbe70</load_address>
         <run_address>0xbe70</run_address>
         <size>0x2a0</size>
         <input_file_ref idref="fl-e1"/>
      </object_component>
      <object_component id="oc-1e0">
         <name>.debug_info</name>
         <load_address>0xc110</load_address>
         <run_address>0xc110</run_address>
         <size>0x326</size>
         <input_file_ref idref="fl-e1"/>
      </object_component>
      <object_component id="oc-298">
         <name>.debug_info</name>
         <load_address>0xc436</load_address>
         <run_address>0xc436</run_address>
         <size>0x2bf</size>
         <input_file_ref idref="fl-e1"/>
      </object_component>
      <object_component id="oc-1f3">
         <name>.debug_info</name>
         <load_address>0xc6f5</load_address>
         <run_address>0xc6f5</run_address>
         <size>0x2df</size>
         <input_file_ref idref="fl-e1"/>
      </object_component>
      <object_component id="oc-1f9">
         <name>.debug_info</name>
         <load_address>0xc9d4</load_address>
         <run_address>0xc9d4</run_address>
         <size>0x296</size>
         <input_file_ref idref="fl-e1"/>
      </object_component>
      <object_component id="oc-16c">
         <name>.debug_info</name>
         <load_address>0xcc6a</load_address>
         <run_address>0xcc6a</run_address>
         <size>0x18b</size>
         <input_file_ref idref="fl-e1"/>
      </object_component>
      <object_component id="oc-176">
         <name>.debug_info</name>
         <load_address>0xcdf5</load_address>
         <run_address>0xcdf5</run_address>
         <size>0x240</size>
         <input_file_ref idref="fl-e2"/>
      </object_component>
      <object_component id="oc-317">
         <name>.debug_info</name>
         <load_address>0xd035</load_address>
         <run_address>0xd035</run_address>
         <size>0x167</size>
         <input_file_ref idref="fl-e2"/>
      </object_component>
      <object_component id="oc-31a">
         <name>.debug_info</name>
         <load_address>0xd19c</load_address>
         <run_address>0xd19c</run_address>
         <size>0x169</size>
         <input_file_ref idref="fl-e2"/>
      </object_component>
      <object_component id="oc-173">
         <name>.debug_info</name>
         <load_address>0xd305</load_address>
         <run_address>0xd305</run_address>
         <size>0x15b</size>
         <input_file_ref idref="fl-e2"/>
      </object_component>
      <object_component id="oc-1fe">
         <name>.debug_info</name>
         <load_address>0xd460</load_address>
         <run_address>0xd460</run_address>
         <size>0x2a3</size>
         <input_file_ref idref="fl-e2"/>
      </object_component>
      <object_component id="oc-178">
         <name>.debug_info</name>
         <load_address>0xd703</load_address>
         <run_address>0xd703</run_address>
         <size>0x2b3</size>
         <input_file_ref idref="fl-e2"/>
      </object_component>
      <object_component id="oc-17e">
         <name>.debug_info</name>
         <load_address>0xd9b6</load_address>
         <run_address>0xd9b6</run_address>
         <size>0x316</size>
         <input_file_ref idref="fl-e2"/>
      </object_component>
      <object_component id="oc-ed">
         <name>.debug_info</name>
         <load_address>0xdccc</load_address>
         <run_address>0xdccc</run_address>
         <size>0x27b</size>
         <input_file_ref idref="fl-e2"/>
      </object_component>
      <object_component id="oc-d5">
         <name>.debug_info</name>
         <load_address>0xdf47</load_address>
         <run_address>0xdf47</run_address>
         <size>0x279</size>
         <input_file_ref idref="fl-e2"/>
      </object_component>
      <object_component id="oc-1a6">
         <name>.debug_info</name>
         <load_address>0xe1c0</load_address>
         <run_address>0xe1c0</run_address>
         <size>0x2b7</size>
         <input_file_ref idref="fl-e2"/>
      </object_component>
      <object_component id="oc-1ac">
         <name>.debug_info</name>
         <load_address>0xe477</load_address>
         <run_address>0xe477</run_address>
         <size>0x285</size>
         <input_file_ref idref="fl-e2"/>
      </object_component>
      <object_component id="oc-cf">
         <name>.debug_info</name>
         <load_address>0xe6fc</load_address>
         <run_address>0xe6fc</run_address>
         <size>0x280</size>
         <input_file_ref idref="fl-e2"/>
      </object_component>
      <object_component id="oc-286">
         <name>.debug_info</name>
         <load_address>0xe97c</load_address>
         <run_address>0xe97c</run_address>
         <size>0x298</size>
         <input_file_ref idref="fl-e2"/>
      </object_component>
      <object_component id="oc-1d0">
         <name>.debug_info</name>
         <load_address>0xec14</load_address>
         <run_address>0xec14</run_address>
         <size>0x2bb</size>
         <input_file_ref idref="fl-e2"/>
      </object_component>
      <object_component id="oc-1d7">
         <name>.debug_info</name>
         <load_address>0xeecf</load_address>
         <run_address>0xeecf</run_address>
         <size>0x2cf</size>
         <input_file_ref idref="fl-e2"/>
      </object_component>
      <object_component id="oc-1dd">
         <name>.debug_info</name>
         <load_address>0xf19e</load_address>
         <run_address>0xf19e</run_address>
         <size>0x28f</size>
         <input_file_ref idref="fl-e2"/>
      </object_component>
      <object_component id="oc-314">
         <name>.debug_info</name>
         <load_address>0xf42d</load_address>
         <run_address>0xf42d</run_address>
         <size>0x20e</size>
         <input_file_ref idref="fl-e3"/>
      </object_component>
      <object_component id="oc-31e">
         <name>.debug_info</name>
         <load_address>0xf63b</load_address>
         <run_address>0xf63b</run_address>
         <size>0x210</size>
         <input_file_ref idref="fl-e3"/>
      </object_component>
      <object_component id="oc-311">
         <name>.debug_info</name>
         <load_address>0xf84b</load_address>
         <run_address>0xf84b</run_address>
         <size>0x157</size>
         <input_file_ref idref="fl-e3"/>
      </object_component>
      <object_component id="oc-273">
         <name>.debug_info</name>
         <load_address>0xf9a2</load_address>
         <run_address>0xf9a2</run_address>
         <size>0x2c1</size>
         <input_file_ref idref="fl-e3"/>
      </object_component>
      <object_component id="oc-1c2">
         <name>.debug_info</name>
         <load_address>0xfc63</load_address>
         <run_address>0xfc63</run_address>
         <size>0x23e</size>
         <input_file_ref idref="fl-e3"/>
      </object_component>
      <object_component id="oc-28a">
         <name>.debug_info</name>
         <load_address>0xfea1</load_address>
         <run_address>0xfea1</run_address>
         <size>0x268</size>
         <input_file_ref idref="fl-e3"/>
      </object_component>
      <object_component id="oc-189">
         <name>.debug_info</name>
         <load_address>0x10109</load_address>
         <run_address>0x10109</run_address>
         <size>0x21c</size>
         <input_file_ref idref="fl-e4"/>
      </object_component>
      <object_component id="oc-e5">
         <name>.debug_info</name>
         <load_address>0x10325</load_address>
         <run_address>0x10325</run_address>
         <size>0x242</size>
         <input_file_ref idref="fl-e4"/>
      </object_component>
      <object_component id="oc-115">
         <name>.debug_info</name>
         <load_address>0x10567</load_address>
         <run_address>0x10567</run_address>
         <size>0x276</size>
         <input_file_ref idref="fl-e4"/>
      </object_component>
      <object_component id="oc-11b">
         <name>.debug_info</name>
         <load_address>0x107dd</load_address>
         <run_address>0x107dd</run_address>
         <size>0x27a</size>
         <input_file_ref idref="fl-e4"/>
      </object_component>
      <object_component id="oc-df">
         <name>.debug_info</name>
         <load_address>0x10a57</load_address>
         <run_address>0x10a57</run_address>
         <size>0x3d9</size>
         <input_file_ref idref="fl-e4"/>
      </object_component>
      <object_component id="oc-21f">
         <name>.debug_info</name>
         <load_address>0x10e30</load_address>
         <run_address>0x10e30</run_address>
         <size>0x242</size>
         <input_file_ref idref="fl-e4"/>
      </object_component>
      <object_component id="oc-171">
         <name>.debug_info</name>
         <load_address>0x11072</load_address>
         <run_address>0x11072</run_address>
         <size>0x298</size>
         <input_file_ref idref="fl-e5"/>
      </object_component>
      <object_component id="oc-185">
         <name>.debug_info</name>
         <load_address>0x1130a</load_address>
         <run_address>0x1130a</run_address>
         <size>0x14d</size>
         <input_file_ref idref="fl-e5"/>
      </object_component>
      <object_component id="oc-c9">
         <name>.debug_info</name>
         <load_address>0x11457</load_address>
         <run_address>0x11457</run_address>
         <size>0x27d</size>
         <input_file_ref idref="fl-e5"/>
      </object_component>
      <object_component id="oc-1a1">
         <name>.debug_info</name>
         <load_address>0x116d4</load_address>
         <run_address>0x116d4</run_address>
         <size>0x2db</size>
         <input_file_ref idref="fl-e5"/>
      </object_component>
      <object_component id="oc-dc">
         <name>.debug_info</name>
         <load_address>0x119af</load_address>
         <run_address>0x119af</run_address>
         <size>0x2b5</size>
         <input_file_ref idref="fl-e5"/>
      </object_component>
      <object_component id="oc-257">
         <name>.debug_info</name>
         <load_address>0x11c64</load_address>
         <run_address>0x11c64</run_address>
         <size>0x5f</size>
         <input_file_ref idref="fl-e5"/>
      </object_component>
      <object_component id="oc-271">
         <name>.debug_info</name>
         <load_address>0x11cc3</load_address>
         <run_address>0x11cc3</run_address>
         <size>0x19d</size>
         <input_file_ref idref="fl-e6"/>
      </object_component>
      <object_component id="oc-1b1">
         <name>.debug_info</name>
         <load_address>0x11e60</load_address>
         <run_address>0x11e60</run_address>
         <size>0x261</size>
         <input_file_ref idref="fl-e6"/>
      </object_component>
      <object_component id="oc-1b7">
         <name>.debug_info</name>
         <load_address>0x120c1</load_address>
         <run_address>0x120c1</run_address>
         <size>0x277</size>
         <input_file_ref idref="fl-e6"/>
      </object_component>
      <object_component id="oc-1bd">
         <name>.debug_info</name>
         <load_address>0x12338</load_address>
         <run_address>0x12338</run_address>
         <size>0x227</size>
         <input_file_ref idref="fl-e6"/>
      </object_component>
      <object_component id="oc-1c9">
         <name>.debug_info</name>
         <load_address>0x1255f</load_address>
         <run_address>0x1255f</run_address>
         <size>0x221</size>
         <input_file_ref idref="fl-e6"/>
      </object_component>
      <object_component id="oc-199">
         <name>.debug_info</name>
         <load_address>0x12780</load_address>
         <run_address>0x12780</run_address>
         <size>0x227</size>
         <input_file_ref idref="fl-e7"/>
      </object_component>
      <object_component id="oc-195">
         <name>.debug_info</name>
         <load_address>0x129a7</load_address>
         <run_address>0x129a7</run_address>
         <size>0x247</size>
         <input_file_ref idref="fl-e7"/>
      </object_component>
      <object_component id="oc-18f">
         <name>.debug_info</name>
         <load_address>0x12bee</load_address>
         <run_address>0x12bee</run_address>
         <size>0x249</size>
         <input_file_ref idref="fl-e7"/>
      </object_component>
      <object_component id="oc-f4">
         <name>.debug_info</name>
         <load_address>0x12e37</load_address>
         <run_address>0x12e37</run_address>
         <size>0x326</size>
         <input_file_ref idref="fl-e7"/>
      </object_component>
      <object_component id="oc-100">
         <name>.debug_info</name>
         <load_address>0x1315d</load_address>
         <run_address>0x1315d</run_address>
         <size>0x273</size>
         <input_file_ref idref="fl-e7"/>
      </object_component>
      <object_component id="oc-27d">
         <name>.debug_info</name>
         <load_address>0x133d0</load_address>
         <run_address>0x133d0</run_address>
         <size>0x212</size>
         <input_file_ref idref="fl-e8"/>
      </object_component>
      <object_component id="oc-432">
         <name>.debug_info</name>
         <load_address>0x135e2</load_address>
         <run_address>0x135e2</run_address>
         <size>0x9e</size>
      </object_component>
      <object_component id="oc-16a">
         <name>.debug_line</name>
         <load_address>0x0</load_address>
         <run_address>0x0</run_address>
         <size>0x62</size>
         <input_file_ref idref="fl-2"/>
      </object_component>
      <object_component id="oc-112">
         <name>.debug_line</name>
         <load_address>0x62</load_address>
         <run_address>0x62</run_address>
         <size>0xba</size>
         <input_file_ref idref="fl-2"/>
      </object_component>
      <object_component id="oc-233">
         <name>.debug_line</name>
         <load_address>0x11c</load_address>
         <run_address>0x11c</run_address>
         <size>0x65</size>
         <input_file_ref idref="fl-2"/>
      </object_component>
      <object_component id="oc-70">
         <name>.debug_line</name>
         <load_address>0x181</load_address>
         <run_address>0x181</run_address>
         <size>0x69</size>
         <input_file_ref idref="fl-2"/>
      </object_component>
      <object_component id="oc-b2">
         <name>.debug_line</name>
         <load_address>0x1ea</load_address>
         <run_address>0x1ea</run_address>
         <size>0x20</size>
         <input_file_ref idref="fl-2"/>
      </object_component>
      <object_component id="oc-ad">
         <name>.debug_line</name>
         <load_address>0x20a</load_address>
         <run_address>0x20a</run_address>
         <size>0x6d</size>
         <input_file_ref idref="fl-2"/>
      </object_component>
      <object_component id="oc-75">
         <name>.debug_line</name>
         <load_address>0x277</load_address>
         <run_address>0x277</run_address>
         <size>0x6a</size>
         <input_file_ref idref="fl-2"/>
      </object_component>
      <object_component id="oc-22f">
         <name>.debug_line</name>
         <load_address>0x2e1</load_address>
         <run_address>0x2e1</run_address>
         <size>0x1a2</size>
         <input_file_ref idref="fl-3"/>
      </object_component>
      <object_component id="oc-22d">
         <name>.debug_line</name>
         <load_address>0x483</load_address>
         <run_address>0x483</run_address>
         <size>0x2f</size>
         <input_file_ref idref="fl-3"/>
      </object_component>
      <object_component id="oc-229">
         <name>.debug_line</name>
         <load_address>0x4b2</load_address>
         <run_address>0x4b2</run_address>
         <size>0x2f</size>
         <input_file_ref idref="fl-3"/>
      </object_component>
      <object_component id="oc-22b">
         <name>.debug_line</name>
         <load_address>0x4e1</load_address>
         <run_address>0x4e1</run_address>
         <size>0x2f</size>
         <input_file_ref idref="fl-3"/>
      </object_component>
      <object_component id="oc-9d">
         <name>.debug_line</name>
         <load_address>0x510</load_address>
         <run_address>0x510</run_address>
         <size>0xfc</size>
         <input_file_ref idref="fl-3"/>
      </object_component>
      <object_component id="oc-36">
[...]
            <load_address>0x3140</load_address>
            <load_size>0x37</load_size>
            <run_address>0x20000470</run_address>
            <run_size>0x30</run_size>
            <compression>lzss</compression>
         </cprec>
         <cprec>
            <name>.bss</name>
            <load_address>0x3188</load_address>
            <load_size>0x8</load_size>
            <run_address>0x2000026c</run_address>
            <run_size>0x4</run_size>
            <compression>zero_init</compression>
         </cprec>
         <cprec>
            <name>.vtable</name>
            <load_address>0x3190</load_address>
            <load_size>0x8</load_size>
            <run_address>0x20000000</run_address>
            <run_size>0x26c</run_size>
            <compression>zero_init</compression>
         </cprec>
      </cptbl>
   </cptbl_list>
   <handler_table>
      <handler_table_name>__TI_handler_table</handler_table_name>
      <handler>
         <index>0x0</index>
         <name>__TI_zero_init</name>
      </handler>
      <handler>
         <index>0x1</index>
         <name>__TI_decompress_lzss</name>
      </handler>
      <handler>
         <index>0x2</index>
         <name>__TI_decompress_none</name>
      </handler>
   </handler_table>
   <symbol_table>
      <symbol id="sm-1">
         <name>__STACK_TOP</name>
         <value>0x20000470</value>
      </symbol>
      <symbol id="sm-2">
         <name>__TI_CINIT_Base</name>
         <value>0x3198</value>
      </symbol>
      <symbol id="sm-3">
         <name>__TI_CINIT_Limit</name>
         <value>0x31b0</value>
      </symbol>
      <symbol id="sm-4">
         <name>__TI_Handler_Table_Base</name>
         <value>0x3178</value>
      </symbol>
      <symbol id="sm-5">
         <name>__TI_Handler_Table_Limit</name>
         <value>0x3184</value>
      </symbol>
      <symbol id="sm-6">
         <name>binit</name>
         <value>0xffffffff</value>
      </symbol>
      <symbol id="sm-7">
         <name>__binit__</name>
         <value>0xffffffff</value>
      </symbol>
      <symbol id="sm-8">
         <name>__STACK_SIZE</name>
         <value>0x200</value>
      </symbol>
      <symbol id="sm-9">
         <name>__STACK_END</name>
         <value>0x20000470</value>
      </symbol>
      <symbol id="sm-a">
         <name>__c_args__</name>
         <value>0xffffffff</value>
      </symbol>
      <symbol id="sm-b">
         <name>__TI_pprof_out_hndl</name>
         <value>0xffffffff</value>
      </symbol>
      <symbol id="sm-c">
         <name>__TI_prof_data_start</name>
         <value>0xffffffff</value>
      </symbol>
      <symbol id="sm-d">
         <name>__TI_prof_data_size</name>
         <value>0xffffffff</value>
      </symbol>
      <symbol id="sm-52">
         <name>check</name>
         <value>0x2000026c</value>
      </symbol>
      <symbol id="sm-53">
         <name>reverse</name>
         <value>0x1f6d</value>
         <object_component_ref idref="oc-10e"/>
      </symbol>
      <symbol id="sm-54">
         <name>composeRegRead</name>
         <value>0x1f4f</value>
         <object_component_ref idref="oc-10e"/>
      </symbol>
      <symbol id="sm-55">
         <name>composeRegWrite</name>
         <value>0x1f33</value>
         <object_component_ref idref="oc-10e"/>
      </symbol>
      <symbol id="sm-56">
         <name>initGyro</name>
         <value>0x1ef5</value>
         <object_component_ref idref="oc-10e"/>
      </symbol>
      <symbol id="sm-9e">
         <name>uartPrintln</name>
         <value>0x1027</value>
         <object_component_ref idref="oc-98"/>
      </symbol>
      <symbol id="sm-9f">
         <name>welcome</name>
         <value>0x20000470</value>
         <object_component_ref idref="oc-126"/>
      </symbol>
      <symbol id="sm-a0">
         <name>initSSI</name>
         <value>0xf3d</value>
         <object_component_ref idref="oc-98"/>
      </symbol>
      <symbol id="sm-a1">
         <name>uartPrint</name>
         <value>0xff3</value>
         <object_component_ref idref="oc-98"/>
      </symbol>
      <symbol id="sm-a2">
         <name>main</name>
         <value>0x1043</value>
         <object_component_ref idref="oc-98"/>
      </symbol>
      <symbol id="sm-a3">
         <name>initUART</name>
         <value>0xfa3</value>
         <object_component_ref idref="oc-98"/>
      </symbol>
      <symbol id="sm-be">
         <name>initMSTimer</name>
         <value>0x1a25</value>
         <object_component_ref idref="oc-102"/>
      </symbol>
      <symbol id="sm-bf">
         <name>initSWInt</name>
         <value>0x1a4f</value>
         <object_component_ref idref="oc-102"/>
      </symbol>
      <symbol id="sm-c0">
         <name>initGPIO</name>
         <value>0x19db</value>
         <object_component_ref idref="oc-102"/>
      </symbol>
      <symbol id="sm-c1">
         <name>initADCInt</name>
         <value>0x1a6f</value>
         <object_component_ref idref="oc-102"/>
      </symbol>
      <symbol id="sm-c2">
         <name>setLED</name>
         <value>0x1ab1</value>
         <object_component_ref idref="oc-102"/>
      </symbol>
      <symbol id="sm-c3">
         <name>initClock</name>
         <value>0x19d1</value>
         <object_component_ref idref="oc-102"/>
      </symbol>
      <symbol id="sm-df">
         <name>ResetISR</name>
         <value>0x2ca9</value>
         <object_component_ref idref="oc-24"/>
      </symbol>
      <symbol id="sm-e0">
         <name>g_pfnVectors</name>
         <value>0x0</value>
         <object_component_ref idref="oc-f"/>
      </symbol>
      <symbol id="sm-fb">
         <name>memcpy</name>
         <value>0x207f</value>
         <object_component_ref idref="oc-38"/>
      </symbol>
      <symbol id="sm-fc">
         <name>__aeabi_memcpy</name>
         <value>0x207f</value>
         <object_component_ref idref="oc-38"/>
      </symbol>
      <symbol id="sm-fd">
         <name>__aeabi_memcpy8</name>
         <value>0x207f</value>
         <object_component_ref idref="oc-38"/>
      </symbol>
      <symbol id="sm-fe">
         <name>__aeabi_memcpy4</name>
         <value>0x207f</value>
         <object_component_ref idref="oc-38"/>
      </symbol>
      <symbol id="sm-117">
         <name>__TI_zero_init_nomemset</name>
         <value>0x2c13</value>
         <object_component_ref idref="oc-44"/>
      </symbol>
      <symbol id="sm-12e">
         <name>__TI_decompress_none</name>
         <value>0x2c77</value>
         <object_component_ref idref="oc-18"/>
      </symbol>
      <symbol id="sm-151">
         <name>__TI_decompress_lzss</name>
         <value>0x2489</value>
         <object_component_ref idref="oc-12"/>
      </symbol>
      <symbol id="sm-164">
         <name>__stack</name>
         <value>0x20000270</value>
         <object_component_ref idref="oc-21"/>
      </symbol>
      <symbol id="sm-165">
         <name>_c_int00_noargs</name>
         <value>0x29b1</value>
         <object_component_ref idref="oc-56"/>
      </symbol>
      <symbol id="sm-170">
         <name>C$$EXIT</name>
         <value>0x2cfd</value>
         <object_component_ref idref="oc-12b"/>
      </symbol>
      <symbol id="sm-171">
         <name>abort</name>
         <value>0x2cfd</value>
         <object_component_ref idref="oc-12b"/>
      </symbol>
      <symbol id="sm-19a">
         <name>sprintf</name>
         <value>0x28f5</value>
         <object_component_ref idref="oc-108"/>
      </symbol>
      <symbol id="sm-1a8">
         <name>strlen</name>
         <value>0x2bc9</value>
         <object_component_ref idref="oc-f6"/>
      </symbol>
      <symbol id="sm-1b7">
         <name>__aeabi_memset</name>
         <value>0x2339</value>
         <object_component_ref idref="oc-8c"/>
      </symbol>
      <symbol id="sm-1b8">
         <name>memset</name>
         <value>0x233f</value>
         <object_component_ref idref="oc-8c"/>
      </symbol>
      <symbol id="sm-1b9">
         <name>__aeabi_memset8</name>
         <value>0x2339</value>
         <object_component_ref idref="oc-8c"/>
      </symbol>
      <symbol id="sm-1ba">
         <name>__aeabi_memset4</name>
         <value>0x2339</value>
         <object_component_ref idref="oc-8c"/>
      </symbol>
      <symbol id="sm-1bb">
         <name>__aeabi_memclr8</name>
         <value>0x2337</value>
         <object_component_ref idref="oc-8c"/>
      </symbol>
      <symbol id="sm-1bc">
         <name>__aeabi_memclr4</name>
         <value>0x2337</value>
         <object_component_ref idref="oc-8c"/>
      </symbol>
      <symbol id="sm-1bd">
         <name>__aeabi_memclr</name>
         <value>0x2337</value>
         <object_component_ref idref="oc-8c"/>
      </symbol>
      <symbol id="sm-1e5">
         <name>__TI_auto_init_nobinit_nopinit</name>
         <value>0x28b1</value>
         <object_component_ref idref="oc-137"/>
      </symbol>
      <symbol id="sm-1ef">
         <name>_system_pre_init</name>
         <value>0x2cf9</value>
         <object_component_ref idref="oc-92"/>
      </symbol>
      <symbol id="sm-355">
         <name>__TI_printfi</name>
         <value>0x26d</value>
         <object_component_ref idref="oc-205"/>
      </symbol>
      <symbol id="sm-36b">
         <name>atoi</name>
         <value>0x2749</value>
         <object_component_ref idref="oc-2a1"/>
      </symbol>
      <symbol id="sm-376">
         <name>_ctypes_</name>
         <value>0x2d00</value>
         <object_component_ref idref="oc-324"/>
      </symbol>
      <symbol id="sm-385">
         <name>ltoa</name>
         <value>0x2601</value>
         <object_component_ref idref="oc-344"/>
      </symbol>
      <symbol id="sm-395">
         <name>memccpy</name>
         <value>0x2ae5</value>
         <object_component_ref idref="oc-2ca"/>
      </symbol>
      <symbol id="sm-3a5">
         <name>strchr</name>
         <value>0x2b61</value>
         <object_component_ref idref="oc-37b"/>
      </symbol>
      <symbol id="sm-3be">
         <name>wcslen</name>
         <value>0x2c25</value>
         <object_component_ref idref="oc-2d0"/>
      </symbol>
      <symbol id="sm-3de">
         <name>frexpl</name>
         <value>0x24f1</value>
         <object_component_ref idref="oc-36f"/>
      </symbol>
      <symbol id="sm-3df">
         <name>frexp</name>
         <value>0x24f1</value>
         <object_component_ref idref="oc-36f"/>
      </symbol>
      <symbol id="sm-3fc">
         <name>scalbn</name>
         <value>0x1bf5</value>
         <object_component_ref idref="oc-375"/>
      </symbol>
      <symbol id="sm-3fd">
         <name>scalbnl</name>
         <value>0x1bf5</value>
         <object_component_ref idref="oc-375"/>
      </symbol>
      <symbol id="sm-3fe">
         <name>ldexpl</name>
         <value>0x1bf5</value>
         <object_component_ref idref="oc-375"/>
      </symbol>
      <symbol id="sm-3ff">
         <name>ldexp</name>
         <value>0x1bf5</value>
         <object_component_ref idref="oc-375"/>
      </symbol>
      <symbol id="sm-416">
         <name>__aeabi_dsub</name>
         <value>0x1351</value>
         <object_component_ref idref="oc-34f"/>
      </symbol>
      <symbol id="sm-417">
         <name>__aeabi_dadd</name>
         <value>0x135b</value>
         <object_component_ref idref="oc-34f"/>
      </symbol>
      <symbol id="sm-439">
         <name>__aeabi_cdcmpeq</name>
         <value>0x21b1</value>
         <object_component_ref idref="oc-2ad"/>
      </symbol>
      <symbol id="sm-43a">
         <name>__aeabi_cdcmple</name>
         <value>0x21b1</value>
         <object_component_ref idref="oc-2ad"/>
      </symbol>
      <symbol id="sm-43b">
         <name>__aeabi_cdrcmple</name>
         <value>0x2237</value>
         <object_component_ref idref="oc-33a"/>
      </symbol>
      <symbol id="sm-44f">
         <name>__aeabi_ddiv</name>
         <value>0x1645</value>
         <object_component_ref idref="oc-335"/>
      </symbol>
      <symbol id="sm-45a">
         <name>__aeabi_dmul</name>
         <value>0x1d05</value>
         <object_component_ref idref="oc-330"/>
      </symbol>
      <symbol id="sm-464">
         <name>__aeabi_d2iz</name>
         <value>0x27dd</value>
         <object_component_ref idref="oc-33f"/>
      </symbol>
      <symbol id="sm-46e">
         <name>__aeabi_i2d</name>
         <value>0x2a51</value>
         <object_component_ref idref="oc-34a"/>
      </symbol>
      <symbol id="sm-47b">
         <name>__aeabi_uldivmod</name>
         <value>0x211b</value>
         <object_component_ref idref="oc-329"/>
      </symbol>
      <symbol id="sm-491">
         <name>__aeabi_errno_addr</name>
         <value>0x2ce5</value>
         <object_component_ref idref="oc-2d6"/>
      </symbol>
      <symbol id="sm-492">
         <name>errno</name>
         <value>0x2000049c</value>
         <object_component_ref idref="oc-38b"/>
      </symbol>
      <symbol id="sm-49c">
         <name>copysign</name>
         <value>0x2bb5</value>
         <object_component_ref idref="oc-3d8"/>
      </symbol>
      <symbol id="sm-49d">
         <name>copysignl</name>
         <value>0x2bb5</value>
         <object_component_ref idref="oc-3d8"/>
      </symbol>
      <symbol id="sm-4a7">
         <name>__aeabi_idiv0</name>
         <value>0xccb</value>
         <object_component_ref idref="oc-3bf"/>
      </symbol>
      <symbol id="sm-4a8">
         <name>__aeabi_ldiv0</name>
         <value>0xccb</value>
         <object_component_ref idref="oc-3bf"/>
      </symbol>
      <symbol id="sm-4f1">
         <name>ADCSequenceEnable</name>
         <value>0x2c69</value>
         <object_component_ref idref="oc-1eb"/>
      </symbol>
      <symbol id="sm-4f2">
         <name>ADCSequenceConfigure</name>
         <value>0x26a7</value>
         <object_component_ref idref="oc-1df"/>
      </symbol>
      <symbol id="sm-4f3">
         <name>ADCIntEnable</name>
         <value>0x2c37</value>
         <object_component_ref idref="oc-1f7"/>
      </symbol>
      <symbol id="sm-4f4">
         <name>ADCSequenceStepConfigure</name>
         <value>0x22bd</value>
         <object_component_ref idref="oc-1e5"/>
      </symbol>
      <symbol id="sm-4f5">
         <name>ADCIntRegister</name>
         <value>0x2b01</value>
         <object_component_ref idref="oc-1f1"/>
      </symbol>
      <symbol id="sm-57e">
         <name>GPIOIntRegister</name>
         <value>0x2b19</value>
         <object_component_ref idref="oc-1d3"/>
      </symbol>
      <symbol id="sm-57f">
         <name>GPIOPinConfigure</name>
         <value>0x2795</value>
         <object_component_ref idref="oc-cc"/>
      </symbol>
      <symbol id="sm-580">
         <name>GPIOIntEnable</name>
         <value>0x2c91</value>
         <object_component_ref idref="oc-1d9"/>
      </symbol>
      <symbol id="sm-581">
         <name>GPIOIntTypeSet</name>
         <value>0x2555</value>
         <object_component_ref idref="oc-1cd"/>
      </symbol>
      <symbol id="sm-582">
         <name>GPIOPinTypeGPIOInput</name>
         <value>0x2bdd</value>
         <object_component_ref idref="oc-1a9"/>
      </symbol>
      <symbol id="sm-583">
         <name>GPIOPinTypeUART</name>
         <value>0x2c01</value>
         <object_component_ref idref="oc-ea"/>
      </symbol>
      <symbol id="sm-584">
         <name>GPIOPinTypeGPIOOutput</name>
         <value>0x2b31</value>
         <object_component_ref idref="oc-1a3"/>
      </symbol>
      <symbol id="sm-585">
         <name>GPIODirModeSet</name>
         <value>0x2a7f</value>
         <object_component_ref idref="oc-177"/>
      </symbol>
      <symbol id="sm-586">
         <name>GPIOPinWrite</name>
         <value>0x2ced</value>
         <object_component_ref idref="oc-1fd"/>
      </symbol>
      <symbol id="sm-587">
         <name>GPIOPadConfigSet</name>
         <value>0x177b</value>
         <object_component_ref idref="oc-17d"/>
      </symbol>
      <symbol id="sm-588">
         <name>GPIOPinTypeSSI</name>
         <value>0x2bef</value>
         <object_component_ref idref="oc-d2"/>
      </symbol>
      <symbol id="sm-5ca">
         <name>IntEnable</name>
         <value>0x2421</value>
         <object_component_ref idref="oc-289"/>
      </symbol>
      <symbol id="sm-5cb">
         <name>IntRegister</name>
         <value>0x29e9</value>
         <object_component_ref idref="oc-272"/>
      </symbol>
      <symbol id="sm-5cc">
         <name>g_pfnRAMVectors</name>
         <value>0x20000000</value>
         <object_component_ref idref="oc-310"/>
      </symbol>
      <symbol id="sm-5cd">
         <name>IntMasterEnable</name>
         <value>0x2c47</value>
         <object_component_ref idref="oc-1c1"/>
      </symbol>
      <symbol id="sm-5fd">
         <name>SSIDataPut</name>
         <value>0x2cb5</value>
         <object_component_ref idref="oc-114"/>
      </symbol>
      <symbol id="sm-5fe">
         <name>SSIDataGet</name>
         <value>0x2c9d</value>
         <object_component_ref idref="oc-11a"/>
      </symbol>
      <symbol id="sm-5ff">
         <name>SSIConfigSetExpClk</name>
         <value>0x2973</value>
         <object_component_ref idref="oc-de"/>
      </symbol>
      <symbol id="sm-600">
         <name>SSIEnable</name>
         <value>0x2cbf</value>
         <object_component_ref idref="oc-e4"/>
      </symbol>
      <symbol id="sm-601">
         <name>SSIBusy</name>
         <value>0x2cdd</value>
         <object_component_ref idref="oc-21e"/>
      </symbol>
      <symbol id="sm-653">
         <name>SysCtlClockSet</name>
         <value>0x1e01</value>
         <object_component_ref idref="oc-19d"/>
      </symbol>
      <symbol id="sm-654">
         <name>SysCtlDelay</name>
         <value>0x2cf3</value>
         <object_component_ref idref="oc-26c"/>
      </symbol>
      <symbol id="sm-655">
         <name>SysCtlPeripheralEnable</name>
         <value>0x2a1d</value>
         <object_component_ref idref="oc-c6"/>
      </symbol>
      <symbol id="sm-656">
         <name>SysCtlClockGet</name>
         <value>0x1ae5</value>
         <object_component_ref idref="oc-d8"/>
      </symbol>
      <symbol id="sm-683">
         <name>SysTickEnable</name>
         <value>0x2b79</value>
         <object_component_ref idref="oc-1c7"/>
      </symbol>
      <symbol id="sm-684">
         <name>SysTickIntRegister</name>
         <value>0x2ac9</value>
         <object_component_ref idref="oc-1b5"/>
      </symbol>
      <symbol id="sm-685">
         <name>SysTickIntEnable</name>
         <value>0x2b8d</value>
         <object_component_ref idref="oc-1bb"/>
      </symbol>
      <symbol id="sm-686">
         <name>SysTickPeriodSet</name>
         <value>0x2c59</value>
         <object_component_ref idref="oc-1af"/>
      </symbol>
      <symbol id="sm-6b0">
         <name>UARTConfigSetExpClk</name>
         <value>0x2825</value>
         <object_component_ref idref="oc-f0"/>
      </symbol>
      <symbol id="sm-6b1">
         <name>UARTDisable</name>
         <value>0x2aa9</value>
         <object_component_ref idref="oc-18c"/>
      </symbol>
      <symbol id="sm-6b2">
         <name>UARTCharPut</name>
         <value>0x2cc9</value>
         <object_component_ref idref="oc-fc"/>
      </symbol>
      <symbol id="sm-6b3">
         <name>UARTEnable</name>
         <value>0x2ba1</value>
         <object_component_ref idref="oc-192"/>
      </symbol>
      <symbol id="sm-6bd">
         <name>CPUcpsie</name>
         <value>0x2c85</value>
         <object_component_ref idref="oc-27a"/>
      </symbol>
      <symbol id="sm-6be">
         <name>__TI_static_base__</name>
         <value>0x0</value>
      </symbol>
      <symbol id="sm-6c1">
         <name>__mpu_init</name>
         <value>0x0</value>
      </symbol>
      <symbol id="sm-6c2">
         <name>_system_post_cinit</name>
         <value>0x0</value>
      </symbol>
   </symbol_table>
   <title>Link successful</title>
</link_info>
